2025-10-30 07:19:15,155 [INFO] WebApp:194 - Connection lost
2025-10-30 07:19:24,337 [INFO] WebApp:191 - Connection restablished
2025-10-30 07:22:56,525 [WARN] MainPanel:289 - <html><b><center>Warning: This peripheral has no parameters to be configured<br></b></html>
2025-10-30 07:23:10,846 [INFO] NvicIntPanel:101 - NVIC parent = com.st.microxplorer.plugins.ip.nvic.MultiNvicIntPanel[,0,0,490x337,layout=javax.swing.BoxLayout,alignmentX=0.0,alignmentY=0.0,border=,flags=9,maximumSize=,minimumSize=,preferredSize=]
2025-10-30 07:23:37,225 [WARN] IP:2250 - DEVICE_SERIAL0_CDC_HS not found: check if there is a RefParameter without a condition.
2025-10-30 07:23:37,229 [WARN] IP:2250 - DEVICE_SERIAL1_CDC_HS not found: check if there is a RefParameter without a condition.
2025-10-30 07:23:37,231 [WARN] IP:2250 - DEVICE_SERIAL2_CDC_HS not found: check if there is a RefParameter without a condition.
2025-10-30 07:23:37,237 [WARN] IP:2250 - DEVICE_SERIAL0_CDC_HS not found: check if there is a RefParameter without a condition.
2025-10-30 07:23:37,240 [WARN] IP:2250 - DEVICE_SERIAL1_CDC_HS not found: check if there is a RefParameter without a condition.
2025-10-30 07:23:37,244 [WARN] IP:2250 - DEVICE_SERIAL2_CDC_HS not found: check if there is a RefParameter without a condition.
2025-10-30 07:23:37,316 [WARN] IP:2250 - DEVICE_SERIAL0_CDC_HS not found: check if there is a RefParameter without a condition.
2025-10-30 07:23:37,319 [WARN] IP:2250 - DEVICE_SERIAL1_CDC_HS not found: check if there is a RefParameter without a condition.
2025-10-30 07:23:37,322 [WARN] IP:2250 - DEVICE_SERIAL2_CDC_HS not found: check if there is a RefParameter without a condition.
2025-10-30 07:23:41,855 [WARN] IP:2250 - DEVICE_SERIAL0_CDC_HS not found: check if there is a RefParameter without a condition.
2025-10-30 07:23:41,859 [WARN] IP:2250 - DEVICE_SERIAL1_CDC_HS not found: check if there is a RefParameter without a condition.
2025-10-30 07:23:41,862 [WARN] IP:2250 - DEVICE_SERIAL2_CDC_HS not found: check if there is a RefParameter without a condition.
2025-10-30 07:24:23,856 [WARN] IP:2250 - DEVICE_SERIAL0_CDC_HS not found: check if there is a RefParameter without a condition.
2025-10-30 07:24:23,860 [WARN] IP:2250 - DEVICE_SERIAL1_CDC_HS not found: check if there is a RefParameter without a condition.
2025-10-30 07:24:23,864 [WARN] IP:2250 - DEVICE_SERIAL2_CDC_HS not found: check if there is a RefParameter without a condition.
2025-10-30 07:24:23,870 [WARN] IP:2250 - DEVICE_SERIAL0_CDC_HS not found: check if there is a RefParameter without a condition.
2025-10-30 07:24:23,872 [WARN] IP:2250 - DEVICE_SERIAL1_CDC_HS not found: check if there is a RefParameter without a condition.
2025-10-30 07:24:23,876 [WARN] IP:2250 - DEVICE_SERIAL2_CDC_HS not found: check if there is a RefParameter without a condition.
2025-10-30 07:24:24,044 [WARN] IP:2250 - DEVICE_SERIAL0_CDC_HS not found: check if there is a RefParameter without a condition.
2025-10-30 07:24:24,047 [WARN] IP:2250 - DEVICE_SERIAL1_CDC_HS not found: check if there is a RefParameter without a condition.
2025-10-30 07:24:24,050 [WARN] IP:2250 - DEVICE_SERIAL2_CDC_HS not found: check if there is a RefParameter without a condition.
2025-10-30 07:24:26,943 [WARN] IP:2250 - DEVICE_SERIAL0_CDC_HS not found: check if there is a RefParameter without a condition.
2025-10-30 07:24:26,947 [WARN] IP:2250 - DEVICE_SERIAL1_CDC_HS not found: check if there is a RefParameter without a condition.
2025-10-30 07:24:26,950 [WARN] IP:2250 - DEVICE_SERIAL2_CDC_HS not found: check if there is a RefParameter without a condition.
2025-10-30 07:24:28,184 [INFO] UtilMem:75 - End SaveConfig() Used Memory: 866726376 Bytes (1073741824)
2025-10-30 07:24:57,744 [INFO] UtilMem:75 - End SaveConfig() Used Memory: 914434536 Bytes (1073741824)
2025-10-30 07:25:34,966 [INFO] UtilMem:75 - End SaveConfig() Used Memory: 761470832 Bytes (1073741824)
2025-10-30 07:25:58,422 [INFO] BlockDiagram:2775 - set Specific Code input for plugin: USB_OTG_HS
2025-10-30 07:25:58,439 [INFO] BlockDiagram:2775 - set Specific Code input for plugin: FDCAN
2025-10-30 07:25:58,443 [INFO] BlockDiagram:2775 - set Specific Code input for plugin: RCC
2025-10-30 07:25:58,454 [INFO] BlockDiagram:2775 - set Specific Code input for plugin: FDCAN
2025-10-30 07:25:58,459 [INFO] BlockDiagram:2775 - set Specific Code input for plugin: MEMORYMAP
2025-10-30 07:25:58,465 [INFO] BlockDiagram:2775 - set Specific Code input for plugin: USB_DEVICE
2025-10-30 07:25:58,469 [INFO] BlockDiagram:2775 - set Specific Code input for plugin: SYS
2025-10-30 07:25:58,472 [INFO] BlockDiagram:2775 - set Specific Code input for plugin: NVIC
2025-10-30 07:25:58,478 [INFO] BlockDiagram:2775 - set Specific Code input for plugin: CORTEX_M7
2025-10-30 07:25:58,482 [INFO] BlockDiagram:2775 - set Specific Code input for plugin: GPIO
2025-10-30 07:25:58,516 [INFO] CodeGenerator:882 - code generatio: config db path: C:\ST\STM32CubeIDE_1.18.1\STM32CubeIDE\plugins\com.st.stm32cube.common.mx_6.14.1.202504091515\\db\
2025-10-30 07:25:58,543 [WARN] IP:2250 - ClockDivider not found: check if there is a RefParameter without a condition.
2025-10-30 07:25:58,550 [WARN] IP:2250 - ClockDividerCCU not found: check if there is a RefParameter without a condition.
2025-10-30 07:25:58,553 [WARN] IP:2250 - MinOscClkPeriodsCCU not found: check if there is a RefParameter without a condition.
2025-10-30 07:25:58,555 [WARN] IP:2250 - TimeQuantaPerBitTimeCCU not found: check if there is a RefParameter without a condition.
2025-10-30 07:25:58,558 [WARN] IP:2250 - WatchdogStartValueCCU not found: check if there is a RefParameter without a condition.
2025-10-30 07:25:58,565 [WARN] IP:2250 - ClockDivider not found: check if there is a RefParameter without a condition.
2025-10-30 07:25:58,568 [WARN] IP:2250 - ClockDividerCCU not found: check if there is a RefParameter without a condition.
2025-10-30 07:25:58,574 [WARN] IP:2250 - MinOscClkPeriodsCCU not found: check if there is a RefParameter without a condition.
2025-10-30 07:25:58,577 [WARN] IP:2250 - TimeQuantaPerBitTimeCCU not found: check if there is a RefParameter without a condition.
2025-10-30 07:25:58,580 [WARN] IP:2250 - WatchdogStartValueCCU not found: check if there is a RefParameter without a condition.
2025-10-30 07:25:58,667 [WARN] IP:2250 - DEVICE_SERIAL0_CDC_HS not found: check if there is a RefParameter without a condition.
2025-10-30 07:25:58,671 [WARN] IP:2250 - DEVICE_SERIAL1_CDC_HS not found: check if there is a RefParameter without a condition.
2025-10-30 07:25:58,673 [WARN] IP:2250 - DEVICE_SERIAL2_CDC_HS not found: check if there is a RefParameter without a condition.
2025-10-30 07:25:59,254 [INFO] CodeEngine:263 - oldGeneratedFile, P:\CAN_USB\stmprogram\CAN_USB_COMMUNICATION\CAN_USB_COMMUNICATION\MXTmpFiles\license.tmp_save
2025-10-30 07:26:00,584 [INFO] CodeEngine:287 - Generated code: P:\CAN_USB\stmprogram\CAN_USB_COMMUNICATION\CAN_USB_COMMUNICATION\MXTmpFiles\license.tmp
2025-10-30 07:26:01,515 [INFO] CodeEngine:263 - oldGeneratedFile, P:\CAN_USB\stmprogram\CAN_USB_COMMUNICATION\CAN_USB_COMMUNICATION\MXTmpFiles\gpio.tmp_save
2025-10-30 07:26:02,534 [INFO] CodeEngine:287 - Generated code: P:\CAN_USB\stmprogram\CAN_USB_COMMUNICATION\CAN_USB_COMMUNICATION\MXTmpFiles\gpio.tmp
2025-10-30 07:26:03,393 [INFO] CodeEngine:263 - oldGeneratedFile, P:\CAN_USB\stmprogram\CAN_USB_COMMUNICATION\CAN_USB_COMMUNICATION\MXTmpFiles\usb_otg_hs_vars.tmp_save
2025-10-30 07:26:04,128 [INFO] CodeEngine:287 - Generated code: P:\CAN_USB\stmprogram\CAN_USB_COMMUNICATION\CAN_USB_COMMUNICATION\MXTmpFiles\usb_otg_hs_vars.tmp
2025-10-30 07:26:04,492 [INFO] CodeEngine:263 - oldGeneratedFile, P:\CAN_USB\stmprogram\CAN_USB_COMMUNICATION\CAN_USB_COMMUNICATION\MXTmpFiles\usb_otg_hs_inc.tmp_save
2025-10-30 07:26:05,186 [INFO] CodeEngine:287 - Generated code: P:\CAN_USB\stmprogram\CAN_USB_COMMUNICATION\CAN_USB_COMMUNICATION\MXTmpFiles\usb_otg_hs_inc.tmp
2025-10-30 07:26:05,538 [INFO] CodeEngine:263 - oldGeneratedFile, P:\CAN_USB\stmprogram\CAN_USB_COMMUNICATION\CAN_USB_COMMUNICATION\MXTmpFiles\usb_otg_hs_HalInit.tmp_save
2025-10-30 07:26:06,391 [INFO] CodeEngine:287 - Generated code: P:\CAN_USB\stmprogram\CAN_USB_COMMUNICATION\CAN_USB_COMMUNICATION\MXTmpFiles\usb_otg_hs_HalInit.tmp
2025-10-30 07:26:06,694 [INFO] CodeEngine:263 - oldGeneratedFile, P:\CAN_USB\stmprogram\CAN_USB_COMMUNICATION\CAN_USB_COMMUNICATION\MXTmpFiles\usb_otg_hs_Msp.tmp_save
2025-10-30 07:26:07,552 [INFO] CodeEngine:287 - Generated code: P:\CAN_USB\stmprogram\CAN_USB_COMMUNICATION\CAN_USB_COMMUNICATION\MXTmpFiles\usb_otg_hs_Msp.tmp
2025-10-30 07:26:08,278 [WARN] IPConfigManager:103 - WARNING: Missing Config File for MEMORYMAP ip!!
2025-10-30 07:26:08,818 [INFO] Middleware:1452 - No code input for Bsp Dependency
2025-10-30 07:26:08,831 [ERROR] SWIPConfigModel:147 - Object (RefParameter) name : DEVICE_SERIAL1_CDC_HS  is not a String or a Boolean
2025-10-30 07:26:08,836 [ERROR] SWIPConfigModel:147 - Object (RefParameter) name : DEVICE_SERIAL2_CDC_HS  is not a String or a Boolean
2025-10-30 07:26:08,839 [ERROR] SWIPConfigModel:147 - Object (RefParameter) name : DEVICE_SERIAL0_CDC_HS  is not a String or a Boolean
2025-10-30 07:26:09,181 [INFO] CodeEngine:263 - oldGeneratedFile, P:\CAN_USB\stmprogram\CAN_USB_COMMUNICATION\CAN_USB_COMMUNICATION\MXTmpFiles\cortex.tmp_save
2025-10-30 07:26:10,025 [INFO] CodeEngine:287 - Generated code: P:\CAN_USB\stmprogram\CAN_USB_COMMUNICATION\CAN_USB_COMMUNICATION\MXTmpFiles\cortex.tmp
2025-10-30 07:26:10,386 [INFO] Middleware:1452 - No code input for Bsp Dependency
2025-10-30 07:26:10,392 [ERROR] SWIPConfigModel:147 - Object (RefParameter) name : DEVICE_SERIAL1_CDC_HS  is not a String or a Boolean
2025-10-30 07:26:10,395 [ERROR] SWIPConfigModel:147 - Object (RefParameter) name : DEVICE_SERIAL2_CDC_HS  is not a String or a Boolean
2025-10-30 07:26:10,399 [ERROR] SWIPConfigModel:147 - Object (RefParameter) name : DEVICE_SERIAL0_CDC_HS  is not a String or a Boolean
2025-10-30 07:26:10,759 [INFO] CodeEngine:263 - oldGeneratedFile, P:\CAN_USB\stmprogram\CAN_USB_COMMUNICATION\CAN_USB_COMMUNICATION\USB_DEVICE\App\usb_device.c_save
2025-10-30 07:26:12,962 [INFO] CodeEngine:287 - Generated code: P:\CAN_USB\stmprogram\CAN_USB_COMMUNICATION\CAN_USB_COMMUNICATION\USB_DEVICE\App\usb_device.c
2025-10-30 07:26:13,745 [INFO] CodeEngine:263 - oldGeneratedFile, P:\CAN_USB\stmprogram\CAN_USB_COMMUNICATION\CAN_USB_COMMUNICATION\USB_DEVICE\App\usb_device.h_save
2025-10-30 07:26:15,510 [INFO] CodeEngine:287 - Generated code: P:\CAN_USB\stmprogram\CAN_USB_COMMUNICATION\CAN_USB_COMMUNICATION\USB_DEVICE\App\usb_device.h
2025-10-30 07:26:16,261 [INFO] CodeEngine:263 - oldGeneratedFile, P:\CAN_USB\stmprogram\CAN_USB_COMMUNICATION\CAN_USB_COMMUNICATION\USB_DEVICE\Target\usbd_conf.h_save
2025-10-30 07:26:17,800 [INFO] CodeEngine:287 - Generated code: P:\CAN_USB\stmprogram\CAN_USB_COMMUNICATION\CAN_USB_COMMUNICATION\USB_DEVICE\Target\usbd_conf.h
2025-10-30 07:26:18,350 [INFO] CodeEngine:263 - oldGeneratedFile, P:\CAN_USB\stmprogram\CAN_USB_COMMUNICATION\CAN_USB_COMMUNICATION\USB_DEVICE\Target\usbd_conf.c_save
2025-10-30 07:26:20,228 [INFO] CodeEngine:287 - Generated code: P:\CAN_USB\stmprogram\CAN_USB_COMMUNICATION\CAN_USB_COMMUNICATION\USB_DEVICE\Target\usbd_conf.c
2025-10-30 07:26:20,728 [INFO] CodeEngine:263 - oldGeneratedFile, P:\CAN_USB\stmprogram\CAN_USB_COMMUNICATION\CAN_USB_COMMUNICATION\USB_DEVICE\App\usbd_desc.h_save
2025-10-30 07:26:21,987 [INFO] CodeEngine:287 - Generated code: P:\CAN_USB\stmprogram\CAN_USB_COMMUNICATION\CAN_USB_COMMUNICATION\USB_DEVICE\App\usbd_desc.h
2025-10-30 07:26:22,397 [INFO] CodeEngine:263 - oldGeneratedFile, P:\CAN_USB\stmprogram\CAN_USB_COMMUNICATION\CAN_USB_COMMUNICATION\USB_DEVICE\App\usbd_desc.c_save
2025-10-30 07:26:23,820 [INFO] CodeEngine:287 - Generated code: P:\CAN_USB\stmprogram\CAN_USB_COMMUNICATION\CAN_USB_COMMUNICATION\USB_DEVICE\App\usbd_desc.c
2025-10-30 07:26:24,345 [INFO] CodeEngine:263 - oldGeneratedFile, P:\CAN_USB\stmprogram\CAN_USB_COMMUNICATION\CAN_USB_COMMUNICATION\USB_DEVICE\App\usbd_cdc_if.h_save
2025-10-30 07:26:25,529 [INFO] CodeEngine:287 - Generated code: P:\CAN_USB\stmprogram\CAN_USB_COMMUNICATION\CAN_USB_COMMUNICATION\USB_DEVICE\App\usbd_cdc_if.h
2025-10-30 07:26:25,984 [INFO] CodeEngine:263 - oldGeneratedFile, P:\CAN_USB\stmprogram\CAN_USB_COMMUNICATION\CAN_USB_COMMUNICATION\USB_DEVICE\App\usbd_cdc_if.c_save
2025-10-30 07:26:27,082 [INFO] CodeEngine:287 - Generated code: P:\CAN_USB\stmprogram\CAN_USB_COMMUNICATION\CAN_USB_COMMUNICATION\USB_DEVICE\App\usbd_cdc_if.c
2025-10-30 07:26:28,050 [INFO] CodeEngine:263 - oldGeneratedFile, P:\CAN_USB\stmprogram\CAN_USB_COMMUNICATION\CAN_USB_COMMUNICATION\Core\Src\stm32h7xx_it.c_save
2025-10-30 07:26:29,586 [INFO] CodeEngine:287 - Generated code: P:\CAN_USB\stmprogram\CAN_USB_COMMUNICATION\CAN_USB_COMMUNICATION\Core\Src\stm32h7xx_it.c
2025-10-30 07:26:30,187 [INFO] CodeEngine:263 - oldGeneratedFile, P:\CAN_USB\stmprogram\CAN_USB_COMMUNICATION\CAN_USB_COMMUNICATION\Core\Inc\stm32h7xx_it.h_save
2025-10-30 07:26:31,520 [INFO] CodeEngine:287 - Generated code: P:\CAN_USB\stmprogram\CAN_USB_COMMUNICATION\CAN_USB_COMMUNICATION\Core\Inc\stm32h7xx_it.h
2025-10-30 07:26:32,804 [INFO] CodeEngine:263 - oldGeneratedFile, P:\CAN_USB\stmprogram\CAN_USB_COMMUNICATION\CAN_USB_COMMUNICATION\Core\Src\stm32h7xx_hal_msp.c_save
2025-10-30 07:26:34,498 [INFO] CodeEngine:287 - Generated code: P:\CAN_USB\stmprogram\CAN_USB_COMMUNICATION\CAN_USB_COMMUNICATION\Core\Src\stm32h7xx_hal_msp.c
2025-10-30 07:26:34,949 [INFO] CodeEngine:263 - oldGeneratedFile, P:\CAN_USB\stmprogram\CAN_USB_COMMUNICATION\CAN_USB_COMMUNICATION\MXTmpFiles\system.tmp_save
2025-10-30 07:26:35,733 [INFO] CodeEngine:287 - Generated code: P:\CAN_USB\stmprogram\CAN_USB_COMMUNICATION\CAN_USB_COMMUNICATION\MXTmpFiles\system.tmp
2025-10-30 07:26:36,543 [INFO] CodeEngine:319 - oldGeneratedFile, P:\CAN_USB\stmprogram\CAN_USB_COMMUNICATION\CAN_USB_COMMUNICATION\Core\Inc\stm32h7xx_hal_conf.h_save
2025-10-30 07:26:37,922 [INFO] CodeEngine:343 - Generated code: P:\CAN_USB\stmprogram\CAN_USB_COMMUNICATION\CAN_USB_COMMUNICATION\Core\Inc\stm32h7xx_hal_conf.h
2025-10-30 07:26:38,540 [ERROR] ApiDbMcu:464 - Can't load MEMORYMAP-STM32xx root dir null
2025-10-30 07:26:38,552 [ERROR] ApiDbMcu:536 - Cannot parse MEMORYMAP_Config file : file do not exist
2025-10-30 07:26:39,031 [INFO] CodeEngine:263 - oldGeneratedFile, P:\CAN_USB\stmprogram\CAN_USB_COMMUNICATION\CAN_USB_COMMUNICATION\Core\Inc\main.h_save
2025-10-30 07:26:40,460 [INFO] CodeEngine:287 - Generated code: P:\CAN_USB\stmprogram\CAN_USB_COMMUNICATION\CAN_USB_COMMUNICATION\Core\Inc\main.h
2025-10-30 07:26:41,121 [INFO] CodeEngine:263 - oldGeneratedFile, P:\CAN_USB\stmprogram\CAN_USB_COMMUNICATION\CAN_USB_COMMUNICATION\Core\Src\main.c_save
2025-10-30 07:26:42,825 [INFO] CodeEngine:287 - Generated code: P:\CAN_USB\stmprogram\CAN_USB_COMMUNICATION\CAN_USB_COMMUNICATION\Core\Src\main.c
2025-10-30 07:26:55,838 [INFO] ProjectBuilder:3324 - Time for Copy HAL[1] : 11691mS.
2025-10-30 07:26:56,552 [INFO] ProjectBuilder:4912 - Project Generator version: 4.6.0.1-B1
2025-10-30 07:26:56,686 [INFO] ConfigFileManager:1590 - The Die is : DIE483
2025-10-30 07:28:42,109 [INFO] ProjectBuilder:5191 - Time for Generating toolchain IDE Files: 105558mS.
2025-10-30 07:28:42,130 [INFO] ProjectBuilder:3181 - Time for Copy CMSIS : 18mS.
2025-10-30 07:28:43,406 [INFO] ProjectBuilder:3181 - Time for Copy CMSIS : 1mS.
2025-10-30 10:25:33,744 [INFO] Activator:176 - 


2025-10-30 10:25:33,753 [INFO] Activator:177 - !SESSION log4j initialized
2025-10-30 10:25:47,589 [INFO] LogOutputStream:77 - [STDOUT_REDIRECT] 
2025-10-30 10:25:51,507 [INFO] ApplicationProperties:184 - Using Application install path: C:\ST\STM32CubeIDE_1.18.1\STM32CubeIDE\plugins\com.st.stm32cube.common.mx_6.14.1.202504091515
2025-10-30 10:25:51,543 [INFO] DbMcusXml:78 - Set database path to: C:\ST\STM32CubeIDE_1.18.1\STM32CubeIDE\plugins\com.st.stm32cube.common.mx_6.14.1.202504091515\\db\/mcu/
2025-10-30 10:25:51,545 [INFO] ApiDb:274 - Set plugin database path to: C:\ST\STM32CubeIDE_1.18.1\STM32CubeIDE\plugins\com.st.stm32cube.common.mx_6.14.1.202504091515\\db\/plugins/boardmanager/
2025-10-30 10:25:51,550 [WARN] ApiDb:259 - Overriding images path with different value:  => C:\ST\STM32CubeIDE_1.18.1\STM32CubeIDE\plugins\com.st.stm32cube.common.mx_6.14.1.202504091515\\db\/plugins/mcufinder/images/
2025-10-30 10:25:51,577 [INFO] ApiDb:250 - Set database path to: C:\Users\jachanya\.stmcufinder\plugins\mcufinder//mcu/
2025-10-30 10:25:51,581 [INFO] DbMcusAds:125 - Set database path to: C:\Users\jachanya\.stmcufinder\plugins\mcufinder//mcu/
2025-10-30 10:25:51,590 [INFO] CrossReferenceDbSqlite:203 - Set database path to: C:\Users\jachanya\.stmcufinder\plugins\mcufinder//mcu/cs/
2025-10-30 10:25:51,823 [INFO] RulesReader:64 - Compatibility file has been processed (302 Rules)
2025-10-30 10:25:52,009 [INFO] DbMcusXml:78 - Set database path to: C:\ST\STM32CubeIDE_1.18.1\STM32CubeIDE\plugins\com.st.stm32cube.common.mx_6.14.1.202504091515\\db\/mcu/
2025-10-30 10:25:52,013 [INFO] ApiDb:274 - Set plugin database path to: C:\ST\STM32CubeIDE_1.18.1\STM32CubeIDE\plugins\com.st.stm32cube.common.mx_6.14.1.202504091515\\db\/plugins/boardmanager/
2025-10-30 10:25:52,017 [INFO] ApiDb:261 - Set plugin images path to: C:\ST\STM32CubeIDE_1.18.1\STM32CubeIDE\plugins\com.st.stm32cube.common.mx_6.14.1.202504091515\\db\/plugins/mcufinder/images/
2025-10-30 10:25:52,020 [WARN] DbFile:41 - Overriding database path with different value: C:\Users\jachanya\.stmcufinder\plugins\mcufinder/ => C:\Users\jachanya\.stmcufinder\plugins\mcufinder
2025-10-30 10:25:52,022 [INFO] ApiDb:250 - Set database path to: C:\Users\jachanya\.stmcufinder\plugins\mcufinder//mcu/
2025-10-30 10:25:52,024 [WARN] DbFile:41 - Overriding database path with different value: C:\Users\jachanya\.stmcufinder\plugins\mcufinder/ => C:\Users\jachanya\.stmcufinder\plugins\mcufinder
2025-10-30 10:25:52,026 [INFO] DbMcusAds:125 - Set database path to: C:\Users\jachanya\.stmcufinder\plugins\mcufinder//mcu/
2025-10-30 10:25:52,034 [WARN] DbFile:41 - Overriding database path with different value: C:\Users\jachanya\.stmcufinder\plugins\mcufinder/ => C:\Users\jachanya\.stmcufinder\plugins\mcufinder
2025-10-30 10:25:52,036 [WARN] DbFile:41 - Overriding database path with different value: C:\Users\jachanya\.stmcufinder\plugins\mcufinder/ => C:\Users\jachanya\.stmcufinder\plugins\mcufinder
2025-10-30 10:25:52,038 [INFO] CrossReferenceDbSqlite:203 - Set database path to: C:\Users\jachanya\.stmcufinder\plugins\mcufinder//mcu/cs/
2025-10-30 10:25:52,223 [INFO] MainPanel:272 - HeapMemory: 268435456
2025-10-30 10:25:52,369 [INFO] DbMcusXml:78 - Set database path to: C:\ST\STM32CubeIDE_1.18.1\STM32CubeIDE\plugins\com.st.stm32cube.common.mx_6.14.1.202504091515\\db\/mcu/
2025-10-30 10:25:52,372 [INFO] ApiDb:274 - Set plugin database path to: C:\ST\STM32CubeIDE_1.18.1\STM32CubeIDE\plugins\com.st.stm32cube.common.mx_6.14.1.202504091515\\db\/plugins/boardmanager/
2025-10-30 10:25:52,375 [INFO] ApiDb:261 - Set plugin images path to: C:\ST\STM32CubeIDE_1.18.1\STM32CubeIDE\plugins\com.st.stm32cube.common.mx_6.14.1.202504091515\\db\/plugins/mcufinder/images/
2025-10-30 10:25:52,377 [WARN] DbFile:41 - Overriding database path with different value: C:\Users\jachanya\.stmcufinder\plugins\mcufinder/ => C:\Users\jachanya\.stmcufinder\plugins\mcufinder
2025-10-30 10:25:52,380 [INFO] ApiDb:250 - Set database path to: C:\Users\jachanya\.stmcufinder\plugins\mcufinder//mcu/
2025-10-30 10:25:52,382 [WARN] DbFile:41 - Overriding database path with different value: C:\Users\jachanya\.stmcufinder\plugins\mcufinder/ => C:\Users\jachanya\.stmcufinder\plugins\mcufinder
2025-10-30 10:25:52,384 [INFO] DbMcusAds:125 - Set database path to: C:\Users\jachanya\.stmcufinder\plugins\mcufinder//mcu/
2025-10-30 10:25:52,386 [WARN] DbFile:41 - Overriding database path with different value: C:\Users\jachanya\.stmcufinder\plugins\mcufinder/ => C:\Users\jachanya\.stmcufinder\plugins\mcufinder
2025-10-30 10:25:52,388 [WARN] DbFile:41 - Overriding database path with different value: C:\Users\jachanya\.stmcufinder\plugins\mcufinder/ => C:\Users\jachanya\.stmcufinder\plugins\mcufinder
2025-10-30 10:25:52,390 [INFO] CrossReferenceDbSqlite:203 - Set database path to: C:\Users\jachanya\.stmcufinder\plugins\mcufinder//mcu/cs/
2025-10-30 10:25:52,426 [INFO] ApplicationProperties:184 - Using Application install path: C:\ST\STM32CubeIDE_1.18.1\STM32CubeIDE\plugins\com.st.stm32cube.common.mx_6.14.1.202504091515
2025-10-30 10:25:52,430 [INFO] PluginManage:196 - Search for loadable plugins [exclusion list=, ]
2025-10-30 10:25:52,435 [INFO] PluginManage:310 - Check plugin analytics
2025-10-30 10:25:52,795 [INFO] AnalyticsPlugin:253 - Accepted Software Licenses: 
2025-10-30 10:25:52,804 [INFO] AnalyticsPlugin:255 - Accepted CMSIS Pack Licenses: 
2025-10-30 10:25:52,806 [INFO] AnalyticsPlugin:257 - Accepted Firmware Licenses: FW.F4.1.28.0,FW.H7.1.12.0
2025-10-30 10:25:52,812 [INFO] PluginManage:359 - Loaded plugin analytics (category:tool,tabindex:-1)
2025-10-30 10:25:52,814 [INFO] PluginManage:310 - Check plugin cadmodel
2025-10-30 10:25:52,851 [INFO] CADModel:105 - Init CAD model plugin
2025-10-30 10:25:52,855 [INFO] PluginManage:359 - Loaded plugin cadmodel (category:power,tabindex:5)
2025-10-30 10:25:52,859 [INFO] PluginManage:310 - Check plugin clock
2025-10-30 10:25:52,894 [INFO] PluginManage:359 - Loaded plugin clock (category:base,tabindex:2)
2025-10-30 10:25:52,897 [INFO] PluginManage:310 - Check plugin ddr
2025-10-30 10:25:52,902 [INFO] PluginManage:359 - Loaded plugin ddr (category:tool,tabindex:6)
2025-10-30 10:25:52,904 [INFO] PluginManage:310 - Check plugin filemanager
2025-10-30 10:25:53,139 [INFO] PluginManage:359 - Loaded plugin filemanager (category:base,tabindex:10)
2025-10-30 10:25:53,142 [INFO] PluginManage:310 - Check plugin ipmanager
2025-10-30 10:25:53,169 [INFO] PluginManage:359 - Loaded plugin ipmanager (category:base,tabindex:5)
2025-10-30 10:25:53,174 [INFO] PluginManage:310 - Check plugin lpbam
2025-10-30 10:25:53,213 [INFO] PluginManage:359 - Loaded plugin lpbam (category:base,tabindex:0)
2025-10-30 10:25:53,215 [INFO] PluginManage:310 - Check plugin memorymap
2025-10-30 10:25:53,260 [INFO] PluginManage:359 - Loaded plugin memorymap (category:base,tabindex:4)
2025-10-30 10:25:53,264 [INFO] PluginManage:310 - Check plugin pinoutandconfiguration
2025-10-30 10:25:53,297 [INFO] PluginManage:359 - Loaded plugin pinoutandconfiguration (category:base,tabindex:1)
2025-10-30 10:25:53,300 [INFO] PluginManage:310 - Check plugin pinoutconfig
2025-10-30 10:25:53,469 [WARN] SupportedApi:132 - Cannot load RTOS API schema: s4s-elt-must-match.1: The content of 'definitions' must match (annotation?, (simpleType | complexType)?, (unique | key | keyref)*)). A problem was found starting at: attribute.
2025-10-30 10:25:53,669 [INFO] PluginManage:359 - Loaded plugin pinoutconfig (category:base,tabindex:0)
2025-10-30 10:25:53,672 [INFO] PluginManage:310 - Check plugin power
2025-10-30 10:25:53,770 [INFO] PluginManage:359 - Loaded plugin power (category:power,tabindex:4)
2025-10-30 10:25:53,773 [INFO] PluginManage:310 - Check plugin projectmanager
2025-10-30 10:25:53,797 [INFO] PluginManage:359 - Loaded plugin projectmanager (category:projectmanager,tabindex:4)
2025-10-30 10:25:53,800 [INFO] PluginManage:310 - Check plugin rif
2025-10-30 10:25:53,833 [INFO] PluginManage:359 - Loaded plugin rif (category:base,tabindex:3)
2025-10-30 10:25:53,836 [INFO] PluginManage:310 - Check plugin thirdparty
2025-10-30 10:25:54,088 [WARN] IntegrityCheckThread:84 - waiting for thirdparty lock release [integrity check]
2025-10-30 10:25:54,088 [INFO] PluginManage:359 - Loaded plugin thirdparty (category:base,tabindex:-1)
2025-10-30 10:25:54,092 [INFO] IntegrityCheckThread:86 - entering critical section [integrity check]
2025-10-30 10:25:54,094 [INFO] PluginManage:310 - Check plugin tools
2025-10-30 10:25:54,097 [INFO] ThirdPartyUpdaterWithRetryManager:70 - Updater plugin not ready yet. [1/15]
2025-10-30 10:25:54,125 [INFO] PluginManage:359 - Loaded plugin tools (category:base,tabindex:7)
2025-10-30 10:25:54,127 [INFO] PluginManage:310 - Check plugin tutovideos
2025-10-30 10:25:54,351 [INFO] PluginManage:359 - Loaded plugin tutovideos (category:base,tabindex:-1)
2025-10-30 10:25:54,354 [INFO] PluginManage:310 - Check plugin updater
2025-10-30 10:25:54,379 [INFO] PluginManage:359 - Loaded plugin updater (category:base,tabindex:12)
2025-10-30 10:25:54,381 [INFO] PluginManage:310 - Check plugin userauth
2025-10-30 10:25:54,389 [INFO] UserAuth:118 - Init User Auth plugin
2025-10-30 10:25:54,393 [INFO] PluginManage:359 - Loaded plugin userauth (category:base,tabindex:14)
2025-10-30 10:25:54,396 [INFO] PluginManage:283 - PluginManage : Loaded plugins [18]
2025-10-30 10:25:54,741 [INFO] PinOutPanel:1589 - setPackage(No Configuration,No Configuration)
2025-10-30 10:25:54,940 [INFO] CADModel:165 - CPN selected for project level
2025-10-30 10:25:54,943 [INFO] CADModel:114 - Register for checkConnection events
2025-10-30 10:25:54,981 [INFO] IPUIPlugin:80 - create IPUIPlugin
2025-10-30 10:25:54,984 [INFO] PluginManager:220 - loadIPPluginJar : add adc
2025-10-30 10:25:55,012 [INFO] IPUIPlugin:80 - create IPUIPlugin
2025-10-30 10:25:55,015 [INFO] PluginManager:220 - loadIPPluginJar : add aes
2025-10-30 10:25:55,036 [INFO] IPUIPlugin:80 - create IPUIPlugin
2025-10-30 10:25:55,039 [INFO] PluginManager:220 - loadIPPluginJar : add can
2025-10-30 10:25:55,060 [INFO] IPUIPlugin:80 - create IPUIPlugin
2025-10-30 10:25:55,063 [INFO] PluginManager:220 - loadIPPluginJar : add comp
2025-10-30 10:25:55,085 [INFO] IPUIPlugin:80 - create IPUIPlugin
2025-10-30 10:25:55,088 [INFO] PluginManager:220 - loadIPPluginJar : add cryp
2025-10-30 10:25:55,114 [INFO] IPUIPlugin:80 - create IPUIPlugin
2025-10-30 10:25:55,117 [INFO] PluginManager:220 - loadIPPluginJar : add ddr_ctrl_phy
2025-10-30 10:25:55,139 [INFO] IPUIPlugin:80 - create IPUIPlugin
2025-10-30 10:25:55,143 [INFO] PluginManager:220 - loadIPPluginJar : add dfsdm
2025-10-30 10:25:55,169 [INFO] IPUIPlugin:80 - create IPUIPlugin
2025-10-30 10:25:55,239 [INFO] PluginManager:220 - loadIPPluginJar : add dma
2025-10-30 10:25:55,263 [INFO] IPUIPlugin:80 - create IPUIPlugin
2025-10-30 10:25:55,266 [INFO] PluginManager:220 - loadIPPluginJar : add dma3
2025-10-30 10:25:55,286 [INFO] IPUIPlugin:80 - create IPUIPlugin
2025-10-30 10:25:55,289 [INFO] PluginManager:220 - loadIPPluginJar : add extmemmanager
2025-10-30 10:25:55,308 [INFO] IPUIPlugin:80 - create IPUIPlugin
2025-10-30 10:25:55,311 [INFO] PluginManager:220 - loadIPPluginJar : add fatfs
2025-10-30 10:25:55,332 [INFO] IPUIPlugin:80 - create IPUIPlugin
2025-10-30 10:25:55,335 [INFO] PluginManager:220 - loadIPPluginJar : add fmc
2025-10-30 10:25:55,361 [INFO] IPUIPlugin:80 - create IPUIPlugin
2025-10-30 10:25:55,364 [INFO] PluginManager:220 - loadIPPluginJar : add freertos
2025-10-30 10:25:55,385 [INFO] IPUIPlugin:80 - create IPUIPlugin
2025-10-30 10:25:55,388 [INFO] PluginManager:220 - loadIPPluginJar : add genericplugin
2025-10-30 10:25:55,411 [INFO] IPUIPlugin:80 - create IPUIPlugin
2025-10-30 10:25:55,418 [INFO] PluginManager:220 - loadIPPluginJar : add gfxmmu
2025-10-30 10:25:55,451 [INFO] IPUIPlugin:80 - create IPUIPlugin
2025-10-30 10:25:55,453 [INFO] PluginManager:220 - loadIPPluginJar : add gic
2025-10-30 10:25:55,487 [INFO] IPUIPlugin:80 - create IPUIPlugin
2025-10-30 10:25:55,491 [INFO] PluginManager:220 - loadIPPluginJar : add gpio
2025-10-30 10:25:55,515 [INFO] IPUIPlugin:80 - create IPUIPlugin
2025-10-30 10:25:55,518 [INFO] PluginManager:220 - loadIPPluginJar : add gtzc
2025-10-30 10:25:55,544 [INFO] IPUIPlugin:80 - create IPUIPlugin
2025-10-30 10:25:55,550 [INFO] PluginManager:220 - loadIPPluginJar : add hash
2025-10-30 10:25:55,576 [INFO] IPUIPlugin:80 - create IPUIPlugin
2025-10-30 10:25:55,578 [INFO] PluginManager:220 - loadIPPluginJar : add i2c
2025-10-30 10:25:55,604 [INFO] IPUIPlugin:80 - create IPUIPlugin
2025-10-30 10:25:55,606 [INFO] PluginManager:220 - loadIPPluginJar : add i2s
2025-10-30 10:25:55,629 [INFO] IPUIPlugin:80 - create IPUIPlugin
2025-10-30 10:25:55,632 [INFO] PluginManager:220 - loadIPPluginJar : add i3c
2025-10-30 10:25:55,653 [INFO] IPUIPlugin:80 - create IPUIPlugin
2025-10-30 10:25:55,657 [INFO] PluginManager:220 - loadIPPluginJar : add ipddr
2025-10-30 10:25:55,686 [INFO] IPUIPlugin:80 - create IPUIPlugin
2025-10-30 10:25:55,689 [INFO] PluginManager:220 - loadIPPluginJar : add linkedlist
2025-10-30 10:25:55,712 [INFO] IPUIPlugin:80 - create IPUIPlugin
2025-10-30 10:25:55,715 [INFO] PluginManager:220 - loadIPPluginJar : add lorawan
2025-10-30 10:25:55,737 [INFO] IPUIPlugin:80 - create IPUIPlugin
2025-10-30 10:25:55,740 [INFO] PluginManager:220 - loadIPPluginJar : add ltdc
2025-10-30 10:25:55,766 [INFO] IPUIPlugin:80 - create IPUIPlugin
2025-10-30 10:25:55,770 [INFO] PluginManager:220 - loadIPPluginJar : add mdma
2025-10-30 10:25:55,793 [INFO] IPUIPlugin:80 - create IPUIPlugin
2025-10-30 10:25:55,797 [INFO] PluginManager:220 - loadIPPluginJar : add nvic
2025-10-30 10:25:55,821 [INFO] IPUIPlugin:80 - create IPUIPlugin
2025-10-30 10:25:55,823 [INFO] PluginManager:220 - loadIPPluginJar : add opamp
2025-10-30 10:25:55,847 [INFO] IPUIPlugin:80 - create IPUIPlugin
2025-10-30 10:25:55,849 [INFO] PluginManager:220 - loadIPPluginJar : add openamp
2025-10-30 10:25:55,874 [INFO] IPUIPlugin:80 - create IPUIPlugin
2025-10-30 10:25:55,883 [INFO] PluginManager:220 - loadIPPluginJar : add pdm2pcm
2025-10-30 10:25:55,909 [INFO] IPUIPlugin:80 - create IPUIPlugin
2025-10-30 10:25:55,917 [INFO] PluginManager:220 - loadIPPluginJar : add plateformsettings
2025-10-30 10:25:55,941 [INFO] IPUIPlugin:80 - create IPUIPlugin
2025-10-30 10:25:55,944 [INFO] PluginManager:220 - loadIPPluginJar : add quadspi
2025-10-30 10:25:55,966 [INFO] IPUIPlugin:80 - create IPUIPlugin
2025-10-30 10:25:55,970 [INFO] PluginManager:220 - loadIPPluginJar : add radio
2025-10-30 10:25:55,996 [INFO] IPUIPlugin:80 - create IPUIPlugin
2025-10-30 10:25:55,998 [INFO] PluginManager:220 - loadIPPluginJar : add resmgrutility
2025-10-30 10:25:56,020 [INFO] IPUIPlugin:80 - create IPUIPlugin
2025-10-30 10:25:56,022 [INFO] PluginManager:220 - loadIPPluginJar : add sai
2025-10-30 10:25:56,043 [INFO] IPUIPlugin:80 - create IPUIPlugin
2025-10-30 10:25:56,068 [INFO] PluginManager:220 - loadIPPluginJar : add spi
2025-10-30 10:25:56,093 [INFO] IPUIPlugin:80 - create IPUIPlugin
2025-10-30 10:25:56,096 [INFO] PluginManager:220 - loadIPPluginJar : add stm32_wpan
2025-10-30 10:25:56,122 [INFO] IPUIPlugin:80 - create IPUIPlugin
2025-10-30 10:25:56,129 [INFO] PluginManager:220 - loadIPPluginJar : add tim
2025-10-30 10:25:56,153 [INFO] IPUIPlugin:80 - create IPUIPlugin
2025-10-30 10:25:56,155 [INFO] PluginManager:220 - loadIPPluginJar : add touchsensing
2025-10-30 10:25:56,176 [INFO] IPUIPlugin:80 - create IPUIPlugin
2025-10-30 10:25:56,180 [INFO] PluginManager:220 - loadIPPluginJar : add tracer_emb
2025-10-30 10:25:56,202 [INFO] IPUIPlugin:80 - create IPUIPlugin
2025-10-30 10:25:56,205 [INFO] PluginManager:220 - loadIPPluginJar : add ts
2025-10-30 10:25:56,225 [INFO] IPUIPlugin:80 - create IPUIPlugin
2025-10-30 10:25:56,228 [INFO] PluginManager:220 - loadIPPluginJar : add tsc
2025-10-30 10:25:56,254 [INFO] IPUIPlugin:80 - create IPUIPlugin
2025-10-30 10:25:56,257 [INFO] PluginManager:220 - loadIPPluginJar : add ucpd
2025-10-30 10:25:56,278 [INFO] IPUIPlugin:80 - create IPUIPlugin
2025-10-30 10:25:56,282 [INFO] PluginManager:220 - loadIPPluginJar : add usart
2025-10-30 10:25:56,306 [INFO] IPUIPlugin:80 - create IPUIPlugin
2025-10-30 10:25:56,309 [INFO] PluginManager:220 - loadIPPluginJar : add usbx
2025-10-30 10:25:56,498 [FATAL] Updater:351 - Updater called before beeing initialized
2025-10-30 10:25:56,537 [INFO] RulesReader:64 - Compatibility file has been processed (302 Rules)
2025-10-30 10:25:56,555 [INFO] RulesReader:64 - Compatibility file has been processed (302 Rules)
2025-10-30 10:25:56,573 [INFO] CADModel:165 - CPN selected for project level
2025-10-30 10:25:56,576 [INFO] CADModel:114 - Register for checkConnection events
2025-10-30 10:25:56,579 [FATAL] Updater:351 - Updater called before beeing initialized
2025-10-30 10:25:56,583 [ERROR] CADModel:125 - Updater not yet initialized, retry later 
2025-10-30 10:25:56,826 [FATAL] Updater:351 - Updater called before beeing initialized
2025-10-30 10:25:56,833 [INFO] CADModel:165 - CPN selected for project level
2025-10-30 10:25:56,836 [INFO] CADModel:114 - Register for checkConnection events
2025-10-30 10:25:56,841 [FATAL] Updater:351 - Updater called before beeing initialized
2025-10-30 10:25:56,844 [ERROR] CADModel:125 - Updater not yet initialized, retry later 
2025-10-30 10:25:56,856 [FATAL] Updater:351 - Updater called before beeing initialized
2025-10-30 10:25:57,098 [FATAL] Updater:351 - Updater called before beeing initialized
2025-10-30 10:25:57,104 [INFO] ThirdPartyUpdaterWithRetryManager:70 - Updater plugin not ready yet. [2/15]
2025-10-30 10:25:57,113 [INFO] DbMcusAds:53 - JSON generation date=Thu Oct 02 11:36:05 CEST 2025 (1759397765645)
2025-10-30 10:25:57,116 [FATAL] Updater:351 - Updater called before beeing initialized
2025-10-30 10:25:57,370 [WARN] DetailPanel:346 - Failed to get advertising image, set to default
2025-10-30 10:25:58,650 [FATAL] Updater:351 - Updater called before beeing initialized
2025-10-30 10:25:58,660 [FATAL] Updater:351 - Updater called before beeing initialized
2025-10-30 10:25:58,664 [FATAL] Updater:351 - Updater called before beeing initialized
2025-10-30 10:25:58,668 [WARN] DetailPanel:346 - Failed to get advertising image, set to default
2025-10-30 10:25:58,672 [FATAL] Updater:351 - Updater called before beeing initialized
2025-10-30 10:25:58,834 [ERROR] Updater:1198 - MainUpdater not yet initialized. External WinMGr cannot be set.
2025-10-30 10:25:58,845 [INFO] Updater:1134 - Updater Version found : 6.14.1
2025-10-30 10:25:58,876 [INFO] ApplicationProperties:184 - Using Application install path: C:\ST\STM32CubeIDE_1.18.1\STM32CubeIDE\plugins\com.st.stm32cube.common.mx_6.14.1.202504091515
2025-10-30 10:25:59,482 [INFO] MainUpdater:2872 - connection check result : 10
2025-10-30 10:25:59,486 [INFO] MainUpdater:289 - Updater Check For Update Now.
2025-10-30 10:25:59,489 [INFO] MicroXplorer:498 - Change Database Version : DB.6.0.141
2025-10-30 10:25:59,516 [INFO] McuFinderGlobals:63 - Set McuFinder mode to 2 (CubeIDE integrated)
2025-10-30 10:25:59,564 [INFO] UserAuth:484 - Internet connection configuration mode: 1
2025-10-30 10:25:59,638 [INFO] JxBrowserEngine:152 - Initiate JxBrowser Engine with user profile folder
2025-10-30 10:25:59,883 [INFO] CheckServerUpdateThread:120 - End of CheckServer Thread
2025-10-30 10:26:02,720 [WARN] PackLoader:240 - Cannot read IP mode file for STMicroelectronics.FP-SNS-MOTENVWB1.1.4.0
2025-10-30 10:26:02,748 [WARN] PackLoader:240 - Cannot read IP mode file for STMicroelectronics.FP-ATR-ASTRA1.2.0.2
2025-10-30 10:26:02,772 [WARN] PackLoader:240 - Cannot read IP mode file for STMicroelectronics.FP-ATR-ASTRA1.2.0.1
2025-10-30 10:26:02,801 [WARN] PackLoader:240 - Cannot read IP mode file for STMicroelectronics.X-CUBE-SMBUS.2.1.0
2025-10-30 10:26:02,826 [WARN] PackLoader:240 - Cannot read IP mode file for STMicroelectronics.X-CUBE-WB05N.1.1.0
2025-10-30 10:26:02,850 [WARN] PackLoader:240 - Cannot read IP mode file for STMicroelectronics.X-CUBE-ST60.1.0.0
2025-10-30 10:26:02,935 [WARN] PackLoader:240 - Cannot read IP mode file for STMicroelectronics.X-CUBE-AZRTOS-F7.1.1.0
2025-10-30 10:26:03,171 [WARN] PackLoader:240 - Cannot read IP mode file for STMicroelectronics.X-CUBE-MEMS1.11.0.0
2025-10-30 10:26:03,704 [ERROR] Engine:466 - C:\Users\jachanya\.stm32cubemx\thirdparties\pdsc\STMicroelectronics.FP-SNS-MOTENV1.5.1.0.pdsc: PDSC version is not supported
2025-10-30 10:26:03,746 [WARN] PackLoader:240 - Cannot read IP mode file for STMicroelectronics.FP-SNS-FLIGHT1.5.0.2
2025-10-30 10:26:03,823 [WARN] PackLoader:240 - Cannot read IP mode file for STMicroelectronics.X-CUBE-AZRTOS-H7.3.4.0
2025-10-30 10:26:03,881 [WARN] PackLoader:240 - Cannot read IP mode file for STMicroelectronics.X-CUBE-DISPLAY.3.0.0
2025-10-30 10:26:03,914 [WARN] PackLoader:240 - Cannot read IP mode file for STMicroelectronics.X-CUBE-BLE1.7.0.0
2025-10-30 10:26:03,957 [WARN] PackLoader:240 - Cannot read IP mode file for STMicroelectronics.X-CUBE-NFC10.1.0.0
2025-10-30 10:26:04,005 [WARN] PackLoader:240 - Cannot read IP mode file for STMicroelectronics.X-CUBE-BLEMGR.4.0.0
2025-10-30 10:26:04,032 [WARN] PackLoader:240 - Cannot read IP mode file for STMicroelectronics.X-CUBE-ST60.1.1.0
2025-10-30 10:26:04,078 [WARN] PackLoader:240 - Cannot read IP mode file for emotas.I-CUBE-CANOPEN.1.3.0
2025-10-30 10:26:04,121 [WARN] PackLoader:240 - Cannot read IP mode file for STMicroelectronics.X-CUBE-BLEMGR.3.1.0
2025-10-30 10:26:04,154 [WARN] PackLoader:240 - Cannot read IP mode file for STMicroelectronics.X-CUBE-AI.10.0.0
2025-10-30 10:26:04,171 [ERROR] Engine:466 - C:\Users\jachanya\.stm32cubemx\thirdparties\pdsc\STMicroelectronics.FP-SNS-STBOX1.2.1.0.pdsc: PDSC version is not supported
2025-10-30 10:26:04,193 [WARN] PackLoader:240 - Cannot read IP mode file for STMicroelectronics.FP-SNS-SMARTAG2.1.2.0
2025-10-30 10:26:04,216 [WARN] PackLoader:240 - Cannot read IP mode file for STMicroelectronics.FP-SNS-FLIGHT1.5.1.0
2025-10-30 10:26:04,255 [INFO] LogOutputStream:77 - [STDOUT_REDIRECT] 1 : Invalid condition id : UX_CORESTACK_Condition cause : null
2025-10-30 10:26:04,266 [INFO] LogOutputStream:77 - [STDOUT_REDIRECT] 1 : Invalid condition id : UX_CORESTACK_Condition cause : null
2025-10-30 10:26:04,274 [INFO] LogOutputStream:77 - [STDOUT_REDIRECT] 1 : Invalid condition id : UX_CORESTACK_Condition cause : null
2025-10-30 10:26:04,287 [INFO] LogOutputStream:77 - [STDOUT_REDIRECT] 1 : Invalid condition id : UX_CORESTACK_Condition cause : null
2025-10-30 10:26:04,295 [INFO] LogOutputStream:77 - [STDOUT_REDIRECT] 1 : Invalid condition id : UX_CORESTACK_Condition cause : null
2025-10-30 10:26:04,307 [WARN] PackLoader:240 - Cannot read IP mode file for STMicroelectronics.X-CUBE-AZRTOS-WL.2.0.0
2025-10-30 10:26:04,341 [WARN] PackLoader:240 - Cannot read IP mode file for STMicroelectronics.FP-SNS-MOTENV1.5.0.0
2025-10-30 10:26:04,384 [WARN] PackLoader:240 - Cannot read IP mode file for wolfSSL.I-CUBE-wolfMQTT.1.19.0
2025-10-30 10:26:04,423 [WARN] PackLoader:240 - Cannot read IP mode file for WES.I-CUBE-Cesium.1.3.0
2025-10-30 10:26:04,447 [WARN] PackLoader:240 - Cannot read IP mode file for STMicroelectronics.X-CUBE-BLE2.3.3.0
2025-10-30 10:26:04,472 [WARN] PackLoader:240 - Cannot read IP mode file for STMicroelectronics.X-CUBE-NFC9.1.0.0
2025-10-30 10:26:04,494 [WARN] PackLoader:240 - Cannot read IP mode file for STMicroelectronics.X-CUBE-BLE1.7.1.0
2025-10-30 10:26:04,533 [WARN] PackLoader:240 - Cannot read IP mode file for STMicroelectronics.X-CUBE-TCPP.4.1.0
2025-10-30 10:26:04,585 [WARN] PackLoader:240 - Cannot read IP mode file for STMicroelectronics.X-CUBE-EEPRMA1.5.2.0
2025-10-30 10:26:04,617 [ERROR] Engine:466 - C:\Users\jachanya\.stm32cubemx\thirdparties\pdsc\STMicroelectronics.X-CUBE-ST67W61.1.1.0.pdsc: PDSC version is not supported
2025-10-30 10:26:04,845 [WARN] PackLoader:240 - Cannot read IP mode file for STMicroelectronics.X-CUBE-MEMS1.11.2.0
2025-10-30 10:26:05,168 [WARN] PackLoader:240 - Cannot read IP mode file for STMicroelectronics.X-CUBE-AZRTOS-G0.1.1.0
2025-10-30 10:26:05,194 [WARN] PackLoader:240 - Cannot read IP mode file for STMicroelectronics.X-CUBE-SAFEA1.1.2.2
2025-10-30 10:26:05,217 [WARN] PackLoader:240 - Cannot read IP mode file for STMicroelectronics.X-CUBE-NFC4.3.0.0
2025-10-30 10:26:05,254 [WARN] PackLoader:240 - Cannot read IP mode file for EmbeddedOffice.I-CUBE-FS-RTOS.1.0.1
2025-10-30 10:26:05,278 [WARN] PackLoader:240 - Cannot read IP mode file for STMicroelectronics.X-CUBE-WB05N.2.0.0
2025-10-30 10:26:05,297 [WARN] PackLoader:240 - Cannot read IP mode file for STMicroelectronics.X-CUBE-TCPP.4.2.0
2025-10-30 10:26:05,327 [WARN] PackLoader:240 - Cannot read IP mode file for RealThread.X-CUBE-RT-Thread_Nano.4.1.1
2025-10-30 10:26:05,349 [WARN] PackLoader:240 - Cannot read IP mode file for STMicroelectronics.FP-ATR-SIGFOX1.3.2.0
2025-10-30 10:26:05,370 [WARN] PackLoader:240 - Cannot read IP mode file for wolfSSL.I-CUBE-wolfSSL.5.7.2
2025-10-30 10:26:05,392 [WARN] ConditionMgr:438 - getConditionDescription Invalid condition id : Cortex-A Device cause : null
2025-10-30 10:26:05,425 [WARN] ConditionMgr:1044 - genDependencies : Invalid condition id : Cortex-A Device cause : null
2025-10-30 10:26:05,429 [WARN] ConditionMgr:1044 - genDependencies : Invalid condition id : Cortex-A Device cause : null
2025-10-30 10:26:05,432 [WARN] ConditionMgr:1044 - genDependencies : Invalid condition id : Cortex-A Device cause : null
2025-10-30 10:26:05,463 [WARN] PackLoader:240 - Cannot read IP mode file for STMicroelectronics.X-CUBE-EEPRMA1.5.1.0
2025-10-30 10:26:05,508 [WARN] PackLoader:240 - Cannot read IP mode file for ITTIA_DB.I-CUBE-ITTIADB.8.9.0
2025-10-30 10:26:05,533 [WARN] PackLoader:240 - Cannot read IP mode file for STMicroelectronics.X-CUBE-ST67W61.1.0.0
2025-10-30 10:26:05,551 [WARN] PackLoader:240 - Cannot read IP mode file for STMicroelectronics.X-CUBE-AI.10.2.0
2025-10-30 10:26:05,629 [WARN] PackLoader:240 - Cannot read IP mode file for SEGGER.I-CUBE-embOS.1.3.1
2025-10-30 10:26:05,732 [WARN] PackLoader:240 - Cannot read IP mode file for STMicroelectronics.X-CUBE-ALGOBUILD.1.4.0
2025-10-30 10:26:05,884 [WARN] PackLoader:240 - Cannot read IP mode file for STMicroelectronics.X-CUBE-MEMS1.11.3.0
2025-10-30 10:26:06,125 [WARN] PackLoader:240 - Cannot read IP mode file for STMicroelectronics.X-CUBE-AI.9.1.0
2025-10-30 10:26:06,147 [WARN] PackLoader:240 - Cannot read IP mode file for STMicroelectronics.X-CUBE-PM33A1.1.0.0
2025-10-30 10:26:06,168 [WARN] PackLoader:240 - Cannot read IP mode file for STMicroelectronics.X-CUBE-GNSS1.6.0.0
2025-10-30 10:26:06,213 [WARN] PackLoader:240 - Cannot read IP mode file for STMicroelectronics.X-CUBE-AZRTOS-F4.1.1.0
2025-10-30 10:26:06,246 [WARN] PackLoader:240 - Cannot read IP mode file for Avnet-IotConnect.X-CUBE-IoTC-DA16k-PMOD.1.0.0
2025-10-30 10:26:06,274 [WARN] PackLoader:240 - Cannot read IP mode file for STMicroelectronics.X-CUBE-ISPU.2.1.0
2025-10-30 10:26:06,291 [ERROR] Engine:466 - C:\Users\jachanya\.stm32cubemx\thirdparties\pdsc\STMicroelectronics.X-CUBE-IPS.3.2.0.pdsc: PDSC version is not supported
2025-10-30 10:26:06,314 [WARN] PackLoader:240 - Cannot read IP mode file for STMicroelectronics.X-CUBE-FREERTOS.1.2.0
2025-10-30 10:26:06,342 [WARN] PackLoader:240 - Cannot read IP mode file for STMicroelectronics.X-CUBE-NFC12.1.0.0
2025-10-30 10:26:06,393 [WARN] PackLoader:240 - Cannot read IP mode file for STMicroelectronics.X-CUBE-AZRTOS-L5.2.0.0
2025-10-30 10:26:06,426 [WARN] PackLoader:240 - Cannot read IP mode file for STMicroelectronics.X-CUBE-NFC6.3.1.0
2025-10-30 10:26:06,465 [WARN] PackLoader:240 - Cannot read IP mode file for STMicroelectronics.X-CUBE-DPower.1.2.0
2025-10-30 10:26:06,497 [WARN] PackLoader:240 - Cannot read IP mode file for STMicroelectronics.X-CUBE-AI.9.0.0
2025-10-30 10:26:06,527 [WARN] PackLoader:240 - Cannot read IP mode file for STMicroelectronics.X-CUBE-FREERTOS.1.3.1
2025-10-30 10:26:06,559 [WARN] PackLoader:240 - Cannot read IP mode file for STMicroelectronics.X-CUBE-NFC7.1.0.1
2025-10-30 10:26:06,581 [WARN] PackLoader:240 - Cannot read IP mode file for wolfSSL.I-CUBE-wolfTPM.3.2.0
2025-10-30 10:26:06,606 [WARN] PackLoader:240 - Cannot read IP mode file for STMicroelectronics.X-CUBE-TOUCHGFX.4.26.0
2025-10-30 10:26:06,635 [WARN] PackLoader:240 - Cannot read IP mode file for STMicroelectronics.FP-SNS-STAIOTCFT.1.0.0
2025-10-30 10:26:06,653 [WARN] PackLoader:240 - Cannot read IP mode file for STMicroelectronics.X-CUBE-DPower.1.3.0
2025-10-30 10:26:06,691 [WARN] ConditionMgr:438 - getConditionDescription Invalid condition id : LAN8742 Phy interface Condition cause : null
2025-10-30 10:26:06,696 [WARN] PackLoader:240 - Cannot read IP mode file for STMicroelectronics.X-CUBE-AZRTOS-L4.2.0.0
2025-10-30 10:26:06,700 [WARN] ConditionMgr:1044 - genDependencies : Invalid condition id : LAN8742 Phy interface Condition cause : null
2025-10-30 10:26:06,705 [WARN] ConditionMgr:1044 - genDependencies : Invalid condition id : LAN8742 Phy interface Condition cause : null
2025-10-30 10:26:06,709 [WARN] ConditionMgr:1044 - genDependencies : Invalid condition id : LAN8742 Phy interface Condition cause : null
2025-10-30 10:26:06,732 [WARN] PackLoader:240 - Cannot read IP mode file for STMicroelectronics.X-CUBE-SFXS2LP1.4.0.0
2025-10-30 10:26:06,773 [WARN] PackLoader:240 - Cannot read IP mode file for STMicroelectronics.X-CUBE-AZRTOS-H7.3.3.0
2025-10-30 10:26:06,797 [WARN] PackLoader:240 - Cannot read IP mode file for STMicroelectronics.X-CUBE-BLEMGR.4.1.0
2025-10-30 10:26:06,824 [WARN] PackLoader:240 - Cannot read IP mode file for STMicroelectronics.X-CUBE-IPS.3.0.0
2025-10-30 10:26:06,854 [WARN] ConditionMgr:438 - getConditionDescription Invalid condition id : UX DEVICE CLASS RTOS Condition cause : null
2025-10-30 10:26:06,859 [WARN] ConditionMgr:438 - getConditionDescription Invalid condition id : UX DEVICE CLASS RTOS Condition cause : null
2025-10-30 10:26:06,865 [WARN] PackLoader:240 - Cannot read IP mode file for STMicroelectronics.X-CUBE-AZRTOS-WB.2.0.0
2025-10-30 10:26:06,871 [WARN] ConditionMgr:1044 - genDependencies : Invalid condition id : UX DEVICE CLASS RTOS Condition cause : null
2025-10-30 10:26:06,878 [WARN] ConditionMgr:1044 - genDependencies : Invalid condition id : UX DEVICE CLASS RTOS Condition cause : null
2025-10-30 10:26:06,881 [WARN] ConditionMgr:1044 - genDependencies : Invalid condition id : UX DEVICE CLASS RTOS Condition cause : null
2025-10-30 10:26:06,885 [WARN] ConditionMgr:1044 - genDependencies : Invalid condition id : UX DEVICE CLASS RTOS Condition cause : null
2025-10-30 10:26:06,888 [WARN] ConditionMgr:1044 - genDependencies : Invalid condition id : UX DEVICE CLASS RTOS Condition cause : null
2025-10-30 10:26:06,904 [WARN] PackLoader:240 - Cannot read IP mode file for STMicroelectronics.X-CUBE-GNSS1.7.0.0
2025-10-30 10:26:06,921 [WARN] PackLoader:240 - Cannot read IP mode file for STMicroelectronics.X-CUBE-GNSS1.7.0.1
2025-10-30 10:26:06,933 [WARN] PackLoader:240 - Cannot read IP mode file for STMicroelectronics.X-CUBE-TOUCHGFX.4.25.0
2025-10-30 10:26:06,951 [WARN] PackLoader:240 - Cannot read IP mode file for STMicroelectronics.FP-SNS-STBOX1.2.0.0
2025-10-30 10:26:06,982 [WARN] PackLoader:240 - Cannot read IP mode file for STMicroelectronics.X-CUBE-SUBG2.5.0.0
2025-10-30 10:26:07,027 [WARN] PackLoader:240 - Cannot read IP mode file for STMicroelectronics.X-CUBE-AZRTOS-H7RS.1.1.0
2025-10-30 10:26:07,052 [WARN] PackLoader:240 - Cannot read IP mode file for Cesanta.I-CUBE-Mongoose.7.13.0
2025-10-30 10:26:07,087 [WARN] PackLoader:240 - Cannot read IP mode file for STMicroelectronics.X-CUBE-AZRTOS-G4.2.0.0
2025-10-30 10:26:07,113 [WARN] PackLoader:240 - Cannot read IP mode file for STMicroelectronics.X-CUBE-NFC7.2.0.0
2025-10-30 10:26:07,132 [WARN] PackLoader:240 - Cannot read IP mode file for STMicroelectronics.X-CUBE-ISPU.2.0.0
2025-10-30 10:26:07,165 [WARN] PackLoader:240 - Cannot read IP mode file for STMicroelectronics.X-CUBE-IPS.3.1.0
2025-10-30 10:26:07,194 [WARN] PackLoader:240 - Cannot read IP mode file for STMicroelectronics.X-CUBE-ALS.1.0.2
2025-10-30 10:26:07,252 [WARN] PackLoader:240 - Cannot read IP mode file for STMicroelectronics.X-CUBE-MEMS1.10.0.0
2025-10-30 10:26:07,396 [WARN] PackLoader:240 - Cannot read IP mode file for STMicroelectronics.X-CUBE-TOUCHGFX.4.24.0
2025-10-30 10:26:07,412 [WARN] PackLoader:240 - Cannot read IP mode file for STMicroelectronics.X-CUBE-TOUCHGFX.4.24.1
2025-10-30 10:26:07,436 [WARN] PackLoader:240 - Cannot read IP mode file for STMicroelectronics.X-CUBE-STSE01.1.0.0
2025-10-30 10:26:07,459 [WARN] PackLoader:240 - Cannot read IP mode file for portGmbH.I-Cube-SoM-uGOAL.1.1.0
2025-10-30 10:26:07,496 [WARN] PackLoader:240 - Cannot read IP mode file for STMicroelectronics.X-CUBE-AZRTOS-H7RS.1.0.0
2025-10-30 10:26:07,517 [WARN] PackLoader:240 - Cannot read IP mode file for STMicroelectronics.FP-ATR-ASTRA1.2.0.0
2025-10-30 10:26:07,540 [WARN] PackLoader:240 - Cannot read IP mode file for STMicroelectronics.X-CUBE-TOF1.3.4.2
2025-10-30 10:26:07,572 [WARN] PackLoader:240 - Cannot read IP mode file for STMicroelectronics.X-CUBE-TOF1.3.4.3
2025-10-30 10:26:07,615 [WARN] PackLoader:240 - Cannot read IP mode file for STMicroelectronics.X-CUBE-TOF1.3.4.1
2025-10-30 10:26:07,666 [WARN] PackLoader:240 - Cannot read IP mode file for STMicroelectronics.X-CUBE-AZRTOS-H7.3.2.0
2025-10-30 10:26:07,713 [WARN] PackLoader:240 - Cannot read IP mode file for Infineon.AIROC-Wi-Fi-Bluetooth-STM32.1.6.0
2025-10-30 10:26:07,745 [WARN] PackLoader:240 - Cannot read IP mode file for wolfSSL.I-CUBE-wolfSSH.1.4.17
2025-10-30 10:26:07,753 [INFO] ThirdParty:978 - Integrity check success = true
2025-10-30 10:26:07,759 [INFO] IntegrityCheckThread:100 - exiting critical section [integrity check]
2025-10-30 10:26:07,765 [INFO] IntegrityCheckThread:103 - End integrity checks thread
2025-10-30 10:26:08,504 [INFO] WebApp:169 - Instantiating new browser for Auth
2025-10-30 10:26:11,316 [INFO] WebApp:463 - Apply proxy settings
2025-10-30 10:26:11,320 [INFO] WebApp:548 - Chromium requires no authentication
2025-10-30 10:26:11,344 [INFO] WebApp:491 - Direct internet connection detected
2025-10-30 10:26:11,403 [INFO] WebApp:894 - Register for checkConnection events
2025-10-30 10:26:11,406 [INFO] WebApp:463 - Apply proxy settings
2025-10-30 10:26:11,410 [INFO] WebApp:548 - Chromium requires no authentication
2025-10-30 10:26:11,413 [INFO] WebApp:491 - Direct internet connection detected
2025-10-30 10:26:11,760 [INFO] WebApp:191 - Connection restablished
2025-10-30 10:26:11,949 [INFO] WebApp:225 - Starting web application
2025-10-30 10:26:11,956 [INFO] WebApp:593 - Web application path used C:\ST\STM32CubeIDE_1.18.1\STM32CubeIDE\plugins\com.st.stm32cube.common.mx_6.14.1.202504091515\db\plugins\mcufinder\reactClient1\index.html
2025-10-30 10:26:12,196 [INFO] UserAuth:484 - Internet connection configuration mode: 1
2025-10-30 10:43:02,857 [INFO] WebApp:403 - JxBrowser engine has been closed 
2025-10-30 10:43:03,702 [ERROR] LogOutputStream:75 - [STDERR_REDIRECT] 
