Archive member included to satisfy reference by file (symbol)

C:/ST/STM32CubeIDE_1.18.1/STM32CubeIDE/plugins/com.st.stm32cube.ide.mcu.externaltools.gnu-tools-for-stm32.13.3.rel1.win32_1.0.0.202411081344/tools/bin/../lib/gcc/arm-none-eabi/13.3.1/../../../../arm-none-eabi/lib/thumb/v7e-m+dp/hard\libc_nano.a(libc_a-exit.o)
                              C:/ST/STM32CubeIDE_1.18.1/STM32CubeIDE/plugins/com.st.stm32cube.ide.mcu.externaltools.gnu-tools-for-stm32.13.3.rel1.win32_1.0.0.202411081344/tools/bin/../lib/gcc/arm-none-eabi/13.3.1/../../../../arm-none-eabi/lib/thumb/v7e-m+dp/hard/crt0.o (exit)
C:/ST/STM32CubeIDE_1.18.1/STM32CubeIDE/plugins/com.st.stm32cube.ide.mcu.externaltools.gnu-tools-for-stm32.13.3.rel1.win32_1.0.0.202411081344/tools/bin/../lib/gcc/arm-none-eabi/13.3.1/../../../../arm-none-eabi/lib/thumb/v7e-m+dp/hard\libc_nano.a(libc_a-findfp.o)
                              C:/ST/STM32CubeIDE_1.18.1/STM32CubeIDE/plugins/com.st.stm32cube.ide.mcu.externaltools.gnu-tools-for-stm32.13.3.rel1.win32_1.0.0.202411081344/tools/bin/../lib/gcc/arm-none-eabi/13.3.1/../../../../arm-none-eabi/lib/thumb/v7e-m+dp/hard\libc_nano.a(libc_a-exit.o) (__stdio_exit_handler)
C:/ST/STM32CubeIDE_1.18.1/STM32CubeIDE/plugins/com.st.stm32cube.ide.mcu.externaltools.gnu-tools-for-stm32.13.3.rel1.win32_1.0.0.202411081344/tools/bin/../lib/gcc/arm-none-eabi/13.3.1/../../../../arm-none-eabi/lib/thumb/v7e-m+dp/hard\libc_nano.a(libc_a-fwalk.o)
                              C:/ST/STM32CubeIDE_1.18.1/STM32CubeIDE/plugins/com.st.stm32cube.ide.mcu.externaltools.gnu-tools-for-stm32.13.3.rel1.win32_1.0.0.202411081344/tools/bin/../lib/gcc/arm-none-eabi/13.3.1/../../../../arm-none-eabi/lib/thumb/v7e-m+dp/hard\libc_nano.a(libc_a-findfp.o) (_fwalk_sglue)
C:/ST/STM32CubeIDE_1.18.1/STM32CubeIDE/plugins/com.st.stm32cube.ide.mcu.externaltools.gnu-tools-for-stm32.13.3.rel1.win32_1.0.0.202411081344/tools/bin/../lib/gcc/arm-none-eabi/13.3.1/../../../../arm-none-eabi/lib/thumb/v7e-m+dp/hard\libc_nano.a(libc_a-stdio.o)
                              C:/ST/STM32CubeIDE_1.18.1/STM32CubeIDE/plugins/com.st.stm32cube.ide.mcu.externaltools.gnu-tools-for-stm32.13.3.rel1.win32_1.0.0.202411081344/tools/bin/../lib/gcc/arm-none-eabi/13.3.1/../../../../arm-none-eabi/lib/thumb/v7e-m+dp/hard\libc_nano.a(libc_a-findfp.o) (__sread)
C:/ST/STM32CubeIDE_1.18.1/STM32CubeIDE/plugins/com.st.stm32cube.ide.mcu.externaltools.gnu-tools-for-stm32.13.3.rel1.win32_1.0.0.202411081344/tools/bin/../lib/gcc/arm-none-eabi/13.3.1/../../../../arm-none-eabi/lib/thumb/v7e-m+dp/hard\libc_nano.a(libc_a-memset.o)
                              C:/ST/STM32CubeIDE_1.18.1/STM32CubeIDE/plugins/com.st.stm32cube.ide.mcu.externaltools.gnu-tools-for-stm32.13.3.rel1.win32_1.0.0.202411081344/tools/bin/../lib/gcc/arm-none-eabi/13.3.1/../../../../arm-none-eabi/lib/thumb/v7e-m+dp/hard/crt0.o (memset)
C:/ST/STM32CubeIDE_1.18.1/STM32CubeIDE/plugins/com.st.stm32cube.ide.mcu.externaltools.gnu-tools-for-stm32.13.3.rel1.win32_1.0.0.202411081344/tools/bin/../lib/gcc/arm-none-eabi/13.3.1/../../../../arm-none-eabi/lib/thumb/v7e-m+dp/hard\libc_nano.a(libc_a-closer.o)
                              C:/ST/STM32CubeIDE_1.18.1/STM32CubeIDE/plugins/com.st.stm32cube.ide.mcu.externaltools.gnu-tools-for-stm32.13.3.rel1.win32_1.0.0.202411081344/tools/bin/../lib/gcc/arm-none-eabi/13.3.1/../../../../arm-none-eabi/lib/thumb/v7e-m+dp/hard\libc_nano.a(libc_a-stdio.o) (_close_r)
C:/ST/STM32CubeIDE_1.18.1/STM32CubeIDE/plugins/com.st.stm32cube.ide.mcu.externaltools.gnu-tools-for-stm32.13.3.rel1.win32_1.0.0.202411081344/tools/bin/../lib/gcc/arm-none-eabi/13.3.1/../../../../arm-none-eabi/lib/thumb/v7e-m+dp/hard\libc_nano.a(libc_a-reent.o)
                              C:/ST/STM32CubeIDE_1.18.1/STM32CubeIDE/plugins/com.st.stm32cube.ide.mcu.externaltools.gnu-tools-for-stm32.13.3.rel1.win32_1.0.0.202411081344/tools/bin/../lib/gcc/arm-none-eabi/13.3.1/../../../../arm-none-eabi/lib/thumb/v7e-m+dp/hard\libc_nano.a(libc_a-closer.o) (errno)
C:/ST/STM32CubeIDE_1.18.1/STM32CubeIDE/plugins/com.st.stm32cube.ide.mcu.externaltools.gnu-tools-for-stm32.13.3.rel1.win32_1.0.0.202411081344/tools/bin/../lib/gcc/arm-none-eabi/13.3.1/../../../../arm-none-eabi/lib/thumb/v7e-m+dp/hard\libc_nano.a(libc_a-impure.o)
                              C:/ST/STM32CubeIDE_1.18.1/STM32CubeIDE/plugins/com.st.stm32cube.ide.mcu.externaltools.gnu-tools-for-stm32.13.3.rel1.win32_1.0.0.202411081344/tools/bin/../lib/gcc/arm-none-eabi/13.3.1/../../../../arm-none-eabi/lib/thumb/v7e-m+dp/hard\libc_nano.a(libc_a-reent.o) (_impure_ptr)
C:/ST/STM32CubeIDE_1.18.1/STM32CubeIDE/plugins/com.st.stm32cube.ide.mcu.externaltools.gnu-tools-for-stm32.13.3.rel1.win32_1.0.0.202411081344/tools/bin/../lib/gcc/arm-none-eabi/13.3.1/../../../../arm-none-eabi/lib/thumb/v7e-m+dp/hard\libc_nano.a(libc_a-lseekr.o)
[...]
Memory Configuration

Name             Origin             Length             Attributes
ITCMRAM          0x00000000         0x00010000         xrw
DTCMRAM          0x20000000         0x00020000         xrw
FLASH            0x08000000         0x00100000         xr
RAM_D1           0x24000000         0x00050000         xrw
RAM_D2           0x30000000         0x00008000         xrw
RAM_D3           0x38000000         0x00004000         xrw
*default*        0x00000000         0xffffffff

Linker script and memory map

LOAD C:/ST/STM32CubeIDE_1.18.1/STM32CubeIDE/plugins/com.st.stm32cube.ide.mcu.externaltools.gnu-tools-for-stm32.13.3.rel1.win32_1.0.0.202411081344/tools/bin/../lib/gcc/arm-none-eabi/13.3.1/thumb/v7e-m+dp/hard/crti.o
LOAD C:/ST/STM32CubeIDE_1.18.1/STM32CubeIDE/plugins/com.st.stm32cube.ide.mcu.externaltools.gnu-tools-for-stm32.13.3.rel1.win32_1.0.0.202411081344/tools/bin/../lib/gcc/arm-none-eabi/13.3.1/thumb/v7e-m+dp/hard/crtbegin.o
LOAD C:/ST/STM32CubeIDE_1.18.1/STM32CubeIDE/plugins/com.st.stm32cube.ide.mcu.externaltools.gnu-tools-for-stm32.13.3.rel1.win32_1.0.0.202411081344/tools/bin/../lib/gcc/arm-none-eabi/13.3.1/../../../../arm-none-eabi/lib/thumb/v7e-m+dp/hard/crt0.o
LOAD ./Core/Src/main.o
LOAD ./Core/Src/stm32h7xx_hal_msp.o
LOAD ./Core/Src/stm32h7xx_it.o
LOAD ./Core/Src/syscalls.o
LOAD ./Core/Src/sysmem.o
LOAD ./Core/Src/system_stm32h7xx.o
LOAD ./Core/Startup/startup_stm32h723zgtx.o
LOAD ./Drivers/STM32H7xx_HAL_Driver/Src/stm32h7xx_hal.o
LOAD ./Drivers/STM32H7xx_HAL_Driver/Src/stm32h7xx_hal_cortex.o
LOAD ./Drivers/STM32H7xx_HAL_Driver/Src/stm32h7xx_hal_dma.o
LOAD ./Drivers/STM32H7xx_HAL_Driver/Src/stm32h7xx_hal_dma_ex.o
LOAD ./Drivers/STM32H7xx_HAL_Driver/Src/stm32h7xx_hal_exti.o
LOAD ./Drivers/STM32H7xx_HAL_Driver/Src/stm32h7xx_hal_fdcan.o
LOAD ./Drivers/STM32H7xx_HAL_Driver/Src/stm32h7xx_hal_flash.o
LOAD ./Drivers/STM32H7xx_HAL_Driver/Src/stm32h7xx_hal_flash_ex.o
LOAD ./Drivers/STM32H7xx_HAL_Driver/Src/stm32h7xx_hal_gpio.o
LOAD ./Drivers/STM32H7xx_HAL_Driver/Src/stm32h7xx_hal_hsem.o
LOAD ./Drivers/STM32H7xx_HAL_Driver/Src/stm32h7xx_hal_i2c.o
LOAD ./Drivers/STM32H7xx_HAL_Driver/Src/stm32h7xx_hal_i2c_ex.o
LOAD ./Drivers/STM32H7xx_HAL_Driver/Src/stm32h7xx_hal_mdma.o
LOAD ./Drivers/STM32H7xx_HAL_Driver/Src/stm32h7xx_hal_pcd.o
LOAD ./Drivers/STM32H7xx_HAL_Driver/Src/stm32h7xx_hal_pcd_ex.o
LOAD ./Drivers/STM32H7xx_HAL_Driver/Src/stm32h7xx_hal_pwr.o
LOAD ./Drivers/STM32H7xx_HAL_Driver/Src/stm32h7xx_hal_pwr_ex.o
LOAD ./Drivers/STM32H7xx_HAL_Driver/Src/stm32h7xx_hal_rcc.o
LOAD ./Drivers/STM32H7xx_HAL_Driver/Src/stm32h7xx_hal_rcc_ex.o
LOAD ./Drivers/STM32H7xx_HAL_Driver/Src/stm32h7xx_ll_usb.o
LOAD ./Middlewares/ST/STM32_USB_Device_Library/Class/CDC/Src/usbd_cdc.o
LOAD ./Middlewares/ST/STM32_USB_Device_Library/Core/Src/usbd_core.o
LOAD ./Middlewares/ST/STM32_USB_Device_Library/Core/Src/usbd_ctlreq.o
LOAD ./Middlewares/ST/STM32_USB_Device_Library/Core/Src/usbd_ioreq.o
LOAD ./USB_DEVICE/App/usb_device.o
LOAD ./USB_DEVICE/App/usbd_cdc_if.o
LOAD ./USB_DEVICE/App/usbd_desc.o
LOAD ./USB_DEVICE/Target/usbd_conf.o
START GROUP
LOAD C:/ST/STM32CubeIDE_1.18.1/STM32CubeIDE/plugins/com.st.stm32cube.ide.mcu.externaltools.gnu-tools-for-stm32.13.3.rel1.win32_1.0.0.202411081344/tools/bin/../lib/gcc/arm-none-eabi/13.3.1/../../../../arm-none-eabi/lib/thumb/v7e-m+dp/hard\libc_nano.a
LOAD C:/ST/STM32CubeIDE_1.18.1/STM32CubeIDE/plugins/com.st.stm32cube.ide.mcu.externaltools.gnu-tools-for-stm32.13.3.rel1.win32_1.0.0.202411081344/tools/bin/../lib/gcc/arm-none-eabi/13.3.1/../../../../arm-none-eabi/lib/thumb/v7e-m+dp/hard\libm.a
END GROUP
START GROUP
LOAD C:/ST/STM32CubeIDE_1.18.1/STM32CubeIDE/plugins/com.st.stm32cube.ide.mcu.externaltools.gnu-tools-for-stm32.13.3.rel1.win32_1.0.0.202411081344/tools/bin/../lib/gcc/arm-none-eabi/13.3.1/thumb/v7e-m+dp/hard\libgcc.a
LOAD C:/ST/STM32CubeIDE_1.18.1/STM32CubeIDE/plugins/com.st.stm32cube.ide.mcu.externaltools.gnu-tools-for-stm32.13.3.rel1.win32_1.0.0.202411081344/tools/bin/../lib/gcc/arm-none-eabi/13.3.1/../../../../arm-none-eabi/lib/thumb/v7e-m+dp/hard\libc_nano.a
END GROUP
START GROUP
LOAD C:/ST/STM32CubeIDE_1.18.1/STM32CubeIDE/plugins/com.st.stm32cube.ide.mcu.externaltools.gnu-tools-for-stm32.13.3.rel1.win32_1.0.0.202411081344/tools/bin/../lib/gcc/arm-none-eabi/13.3.1/thumb/v7e-m+dp/hard\libgcc.a
LOAD C:/ST/STM32CubeIDE_1.18.1/STM32CubeIDE/plugins/com.st.stm32cube.ide.mcu.externaltools.gnu-tools-for-stm32.13.3.rel1.win32_1.0.0.202411081344/tools/bin/../lib/gcc/arm-none-eabi/13.3.1/../../../../arm-none-eabi/lib/thumb/v7e-m+dp/hard\libc_nano.a
LOAD C:/ST/STM32CubeIDE_1.18.1/STM32CubeIDE/plugins/com.st.stm32cube.ide.mcu.externaltools.gnu-tools-for-stm32.13.3.rel1.win32_1.0.0.202411081344/tools/bin/../lib/gcc/arm-none-eabi/13.3.1/../../../../arm-none-eabi/lib/thumb/v7e-m+dp/hard\libnosys.a
END GROUP
START GROUP
LOAD C:/ST/STM32CubeIDE_1.18.1/STM32CubeIDE/plugins/com.st.stm32cube.ide.mcu.externaltools.gnu-tools-for-stm32.13.3.rel1.win32_1.0.0.202411081344/tools/bin/../lib/gcc/arm-none-eabi/13.3.1/thumb/v7e-m+dp/hard\libgcc.a
LOAD C:/ST/STM32CubeIDE_1.18.1/STM32CubeIDE/plugins/com.st.stm32cube.ide.mcu.externaltools.gnu-tools-for-stm32.13.3.rel1.win32_1.0.0.202411081344/tools/bin/../lib/gcc/arm-none-eabi/13.3.1/../../../../arm-none-eabi/lib/thumb/v7e-m+dp/hard\libc_nano.a
LOAD C:/ST/STM32CubeIDE_1.18.1/STM32CubeIDE/plugins/com.st.stm32cube.ide.mcu.externaltools.gnu-tools-for-stm32.13.3.rel1.win32_1.0.0.202411081344/tools/bin/../lib/gcc/arm-none-eabi/13.3.1/../../../../arm-none-eabi/lib/thumb/v7e-m+dp/hard\libnosys.a
END GROUP
LOAD C:/ST/STM32CubeIDE_1.18.1/STM32CubeIDE/plugins/com.st.stm32cube.ide.mcu.externaltools.gnu-tools-for-stm32.13.3.rel1.win32_1.0.0.202411081344/tools/bin/../lib/gcc/arm-none-eabi/13.3.1/thumb/v7e-m+dp/hard/crtend.o
LOAD C:/ST/STM32CubeIDE_1.18.1/STM32CubeIDE/plugins/com.st.stm32cube.ide.mcu.externaltools.gnu-tools-for-stm32.13.3.rel1.win32_1.0.0.202411081344/tools/bin/../lib/gcc/arm-none-eabi/13.3.1/thumb/v7e-m+dp/hard/crtn.o
                0x24050000                        _estack = (ORIGIN (RAM_D1) + LENGTH (RAM_D1))
                0x00000200                        _Min_Heap_Size = 0x200
                0x00000400                        _Min_Stack_Size = 0x400

.isr_vector     0x08000000      0x2cc
                0x08000000                        . = ALIGN (0x4)
 *(.isr_vector)
 .isr_vector    0x08000000      0x2cc ./Core/Startup/startup_stm32h723zgtx.o
                0x08000000                g_pfnVectors
                0x080002cc                        . = ALIGN (0x4)

.text           0x080002cc     0x955c
                0x080002cc                        . = ALIGN (0x4)
 *(.text)
 .text          0x080002cc       0x40 C:/ST/STM32CubeIDE_1.18.1/STM32CubeIDE/plugins/com.st.stm32cube.ide.mcu.externaltools.gnu-tools-for-stm32.13.3.rel1.win32_1.0.0.202411081344/tools/bin/../lib/gcc/arm-none-eabi/13.3.1/thumb/v7e-m+dp/hard/crtbegin.o
 *(.text*)
 .text.main     0x0800030c       0x64 ./Core/Src/main.o
                0x0800030c                main
 .text.SystemClock_Config
                0x08000370       0xe4 ./Core/Src/main.o
                0x08000370                SystemClock_Config
 .text.MX_FDCAN1_Init
                0x08000454       0xdc ./Core/Src/main.o
 .text.MX_FDCAN2_Init
                0x08000530       0xcc ./Core/Src/main.o
 .text.MX_GPIO_Init
                0x080005fc       0xc4 ./Core/Src/main.o
 .text.Send_CANFD_Message
                0x080006c0       0x64 ./Core/Src/main.o
                0x080006c0                Send_CANFD_Message
 .text.MPU_Config
                0x08000724       0x58 ./Core/Src/main.o
 .text.Error_Handler
                0x0800077c        0xc ./Core/Src/main.o
                0x0800077c                Error_Handler
 .text.HAL_MspInit
                0x08000788       0x34 ./Core/Src/stm32h7xx_hal_msp.o
                0x08000788                HAL_MspInit
 .text.HAL_FDCAN_MspInit
                0x080007bc      0x1a0 ./Core/Src/stm32h7xx_hal_msp.o
                0x080007bc                HAL_FDCAN_MspInit
 .text.NMI_Handler
                0x0800095c        0x8 ./Core/Src/stm32h7xx_it.o
                0x0800095c                NMI_Handler
 .text.HardFault_Handler
                0x08000964        0x8 ./Core/Src/stm32h7xx_it.o
                0x08000964                HardFault_Handler
 .text.MemManage_Handler
                0x0800096c        0x8 ./Core/Src/stm32h7xx_it.o
                0x0800096c                MemManage_Handler
 .text.BusFault_Handler
                0x08000974        0x8 ./Core/Src/stm32h7xx_it.o
                0x08000974                BusFault_Handler
 .text.UsageFault_Handler
                0x0800097c        0x8 ./Core/Src/stm32h7xx_it.o
                0x0800097c                UsageFault_Handler
 .text.SVC_Handler
                0x08000984        0xe ./Core/Src/stm32h7xx_it.o
                0x08000984                SVC_Handler
 .text.DebugMon_Handler
                0x08000992        0xe ./Core/Src/stm32h7xx_it.o
                0x08000992                DebugMon_Handler
 .text.PendSV_Handler
                0x080009a0        0xe ./Core/Src/stm32h7xx_it.o
                0x080009a0                PendSV_Handler
 .text.SysTick_Handler
                0x080009ae        0xc ./Core/Src/stm32h7xx_it.o
                0x080009ae                SysTick_Handler
 *fill*         0x080009ba        0x2 
 .text.OTG_HS_IRQHandler
                0x080009bc       0x14 ./Core/Src/stm32h7xx_it.o
                0x080009bc                OTG_HS_IRQHandler
 .text.SystemInit
                0x080009d0      0x120 ./Core/Src/system_stm32h7xx.o
                0x080009d0                SystemInit
 .text.ExitRun0Mode
                0x08000af0       0x30 ./Core/Src/system_stm32h7xx.o
                0x08000af0                ExitRun0Mode
 .text.Reset_Handler
                0x08000b20       0x54 ./Core/Startup/startup_stm32h723zgtx.o
                0x08000b20                Reset_Handler
 .text.Default_Handler
                0x08000b74        0x2 ./Core/Startup/startup_stm32h723zgtx.o
                0x08000b74                RTC_Alarm_IRQHandler
                0x08000b74                EXTI2_IRQHandler
                0x08000b74                TIM8_CC_IRQHandler
                0x08000b74                UART8_IRQHandler
                0x08000b74                SPI4_IRQHandler
                0x08000b74                FDCAN3_IT0_IRQHandler
                0x08000b74                TIM1_CC_IRQHandler
                0x08000b74                BDMA_Channel6_IRQHandler
                0x08000b74                DMA2_Stream5_IRQHandler
                0x08000b74                DMA1_Stream5_IRQHandler
                0x08000b74                CORDIC_IRQHandler
                0x08000b74                BDMA_Channel1_IRQHandler
                0x08000b74                TAMP_STAMP_IRQHandler
                0x08000b74                EXTI3_IRQHandler
                0x08000b74                LPTIM4_IRQHandler
                0x08000b74                TIM8_TRG_COM_TIM14_IRQHandler
                0x08000b74                LPTIM2_IRQHandler
                0x08000b74                DFSDM1_FLT1_IRQHandler
                0x08000b74                DMAMUX2_OVR_IRQHandler
                0x08000b74                TIM8_UP_TIM13_IRQHandler
                0x08000b74                I2C3_ER_IRQHandler
                0x08000b74                DFSDM1_FLT2_IRQHandler
                0x08000b74                I2C5_EV_IRQHandler
                0x08000b74                USART10_IRQHandler
                0x08000b74                MDMA_IRQHandler
                0x08000b74                LPTIM3_IRQHandler
                0x08000b74                HSEM1_IRQHandler
                0x08000b74                EXTI0_IRQHandler
                0x08000b74                I2C2_EV_IRQHandler
                0x08000b74                DMA1_Stream2_IRQHandler
                0x08000b74                FPU_IRQHandler
                0x08000b74                OTG_HS_WKUP_IRQHandler
                0x08000b74                FDCAN1_IT1_IRQHandler
                0x08000b74                LTDC_ER_IRQHandler
                0x08000b74                DMA2_Stream2_IRQHandler
                0x08000b74                SPI1_IRQHandler
                0x08000b74                OCTOSPI1_IRQHandler
                0x08000b74                TIM6_DAC_IRQHandler
                0x08000b74                DMA2_Stream3_IRQHandler
                0x08000b74                OCTOSPI2_IRQHandler
                0x08000b74                DFSDM1_FLT3_IRQHandler
                0x08000b74                TIM23_IRQHandler
                0x08000b74                USART6_IRQHandler
                0x08000b74                TIM17_IRQHandler
                0x08000b74                USART3_IRQHandler
                0x08000b74                BDMA_Channel7_IRQHandler
                0x08000b74                LPTIM5_IRQHandler
                0x08000b74                UART5_IRQHandler
                0x08000b74                ADC3_IRQHandler
                0x08000b74                DMA2_Stream0_IRQHandler
                0x08000b74                TIM4_IRQHandler
                0x08000b74                BDMA_Channel2_IRQHandler
                0x08000b74                I2C1_EV_IRQHandler
                0x08000b74                DMA1_Stream6_IRQHandler
                0x08000b74                DMAMUX1_OVR_IRQHandler
                0x08000b74                DMA1_Stream1_IRQHandler
                0x08000b74                TIM16_IRQHandler
                0x08000b74                UART4_IRQHandler
                0x08000b74                BDMA_Channel5_IRQHandler
                0x08000b74                TIM3_IRQHandler
                0x08000b74                RCC_IRQHandler
                0x08000b74                UART9_IRQHandler
                0x08000b74                TIM8_BRK_TIM12_IRQHandler
                0x08000b74                TIM1_TRG_COM_IRQHandler
                0x08000b74                Default_Handler
                0x08000b74                ECC_IRQHandler
                0x08000b74                FMAC_IRQHandler
                0x08000b74                CEC_IRQHandler
                0x08000b74                EXTI15_10_IRQHandler
                0x08000b74                BDMA_Channel0_IRQHandler
                0x08000b74                ADC_IRQHandler
                0x08000b74                I2C5_ER_IRQHandler
                0x08000b74                DMA1_Stream7_IRQHandler
                0x08000b74                SPI5_IRQHandler
                0x08000b74                TIM7_IRQHandler
                0x08000b74                FDCAN3_IT1_IRQHandler
                0x08000b74                SDMMC1_IRQHandler
                0x08000b74                TIM5_IRQHandler
                0x08000b74                DMA2_Stream7_IRQHandler
                0x08000b74                TIM15_IRQHandler
                0x08000b74                PVD_AVD_IRQHandler
                0x08000b74                I2C3_EV_IRQHandler
                0x08000b74                EXTI9_5_IRQHandler
                0x08000b74                RTC_WKUP_IRQHandler
                0x08000b74                LTDC_IRQHandler
                0x08000b74                ETH_WKUP_IRQHandler
                0x08000b74                SPDIF_RX_IRQHandler
                0x08000b74                SPI2_IRQHandler
                0x08000b74                OTG_HS_EP1_IN_IRQHandler
                0x08000b74                DMA1_Stream0_IRQHandler
                0x08000b74                TIM24_IRQHandler
                0x08000b74                CRS_IRQHandler
                0x08000b74                EXTI4_IRQHandler
                0x08000b74                RNG_IRQHandler
                0x08000b74                FDCAN2_IT1_IRQHandler
                0x08000b74                ETH_IRQHandler
                0x08000b74                TIM1_UP_IRQHandler
                0x08000b74                BDMA_Channel4_IRQHandler
                0x08000b74                OTG_HS_EP1_OUT_IRQHandler
                0x08000b74                WWDG_IRQHandler
                0x08000b74                SPI6_IRQHandler
                0x08000b74                MDIOS_IRQHandler
                0x08000b74                I2C4_EV_IRQHandler
                0x08000b74                FDCAN2_IT0_IRQHandler
                0x08000b74                LPUART1_IRQHandler
                0x08000b74                FDCAN1_IT0_IRQHandler
                0x08000b74                TIM2_IRQHandler
                0x08000b74                DMA2D_IRQHandler
                0x08000b74                TIM1_BRK_IRQHandler
                0x08000b74                EXTI1_IRQHandler
                0x08000b74                SDMMC2_IRQHandler
                0x08000b74                BDMA_Channel3_IRQHandler
                0x08000b74                DTS_IRQHandler
                0x08000b74                UART7_IRQHandler
                0x08000b74                MDIOS_WKUP_IRQHandler
                0x08000b74                USART2_IRQHandler
                0x08000b74                DFSDM1_FLT0_IRQHandler
                0x08000b74                SAI4_IRQHandler
                0x08000b74                I2C2_ER_IRQHandler
                0x08000b74                DMA2_Stream1_IRQHandler
                0x08000b74                FLASH_IRQHandler
                0x08000b74                DMA2_Stream4_IRQHandler
                0x08000b74                USART1_IRQHandler
                0x08000b74                SPI3_IRQHandler
                0x08000b74                WAKEUP_PIN_IRQHandler
                0x08000b74                DMA1_Stream4_IRQHandler
                0x08000b74                I2C1_ER_IRQHandler
                0x08000b74                FMC_IRQHandler
                0x08000b74                FDCAN_CAL_IRQHandler
                0x08000b74                SWPMI1_IRQHandler
                0x08000b74                COMP1_IRQHandler
                0x08000b74                LPTIM1_IRQHandler
                0x08000b74                DCMI_PSSI_IRQHandler
                0x08000b74                I2C4_ER_IRQHandler
                0x08000b74                DMA2_Stream6_IRQHandler
                0x08000b74                SAI1_IRQHandler
                0x08000b74                DMA1_Stream3_IRQHandler
 *fill*         0x08000b76        0x2 
 .text.HAL_Init
                0x08000b78       0x78 ./Drivers/STM32H7xx_HAL_Driver/Src/stm32h7xx_hal.o
                0x08000b78                HAL_Init
 .text.HAL_InitTick
                0x08000bf0       0x6c ./Drivers/STM32H7xx_HAL_Driver/Src/stm32h7xx_hal.o
                0x08000bf0                HAL_InitTick
 .text.HAL_IncTick
                0x08000c5c       0x28 ./Drivers/STM32H7xx_HAL_Driver/Src/stm32h7xx_hal.o
                0x08000c5c                HAL_IncTick
 .text.HAL_GetTick
                0x08000c84       0x18 ./Drivers/STM32H7xx_HAL_Driver/Src/stm32h7xx_hal.o
                0x08000c84                HAL_GetTick
 .text.HAL_Delay
                0x08000c9c       0x48 ./Drivers/STM32H7xx_HAL_Driver/Src/stm32h7xx_hal.o
                0x08000c9c                HAL_Delay
 .text.__NVIC_SetPriorityGrouping
                0x08000ce4       0x48 ./Drivers/STM32H7xx_HAL_Driver/Src/stm32h7xx_hal_cortex.o
 .text.__NVIC_GetPriorityGrouping
                0x08000d2c       0x1c ./Drivers/STM32H7xx_HAL_Driver/Src/stm32h7xx_hal_cortex.o
 .text.__NVIC_EnableIRQ
                0x08000d48       0x3c ./Drivers/STM32H7xx_HAL_Driver/Src/stm32h7xx_hal_cortex.o
 .text.__NVIC_SetPriority
                0x08000d84       0x54 ./Drivers/STM32H7xx_HAL_Driver/Src/stm32h7xx_hal_cortex.o
 .text.NVIC_EncodePriority
                0x08000dd8       0x66 ./Drivers/STM32H7xx_HAL_Driver/Src/stm32h7xx_hal_cortex.o
 *fill*         0x08000e3e        0x2 
 .text.SysTick_Config
                0x08000e40       0x44 ./Drivers/STM32H7xx_HAL_Driver/Src/stm32h7xx_hal_cortex.o
 .text.HAL_NVIC_SetPriorityGrouping
                0x08000e84       0x16 ./Drivers/STM32H7xx_HAL_Driver/Src/stm32h7xx_hal_cortex.o
                0x08000e84                HAL_NVIC_SetPriorityGrouping
 .text.HAL_NVIC_SetPriority
                0x08000e9a       0x34 ./Drivers/STM32H7xx_HAL_Driver/Src/stm32h7xx_hal_cortex.o
                0x08000e9a                HAL_NVIC_SetPriority
 .text.HAL_NVIC_EnableIRQ
                0x08000ece       0x1c ./Drivers/STM32H7xx_HAL_Driver/Src/stm32h7xx_hal_cortex.o
                0x08000ece                HAL_NVIC_EnableIRQ
 .text.HAL_SYSTICK_Config
                0x08000eea       0x18 ./Drivers/STM32H7xx_HAL_Driver/Src/stm32h7xx_hal_cortex.o
                0x08000eea                HAL_SYSTICK_Config
 *fill*         0x08000f02        0x2 
 .text.HAL_MPU_Disable
                0x08000f04       0x30 ./Drivers/STM32H7xx_HAL_Driver/Src/stm32h7xx_hal_cortex.o
                0x08000f04                HAL_MPU_Disable
 .text.HAL_MPU_Enable
                0x08000f34       0x40 ./Drivers/STM32H7xx_HAL_Driver/Src/stm32h7xx_hal_cortex.o
                0x08000f34                HAL_MPU_Enable
 .text.HAL_MPU_ConfigRegion
                0x08000f74       0x80 ./Drivers/STM32H7xx_HAL_Driver/Src/stm32h7xx_hal_cortex.o
                0x08000f74                HAL_MPU_ConfigRegion
 .text.HAL_FDCAN_Init
                0x08000ff4      0x3bc ./Drivers/STM32H7xx_HAL_Driver/Src/stm32h7xx_hal_fdcan.o
                0x08000ff4                HAL_FDCAN_Init
 .text.HAL_FDCAN_Start
                0x080013b0       0x56 ./Drivers/STM32H7xx_HAL_Driver/Src/stm32h7xx_hal_fdcan.o
                0x080013b0                HAL_FDCAN_Start
 .text.HAL_FDCAN_AddMessageToTxFifoQ
                0x08001406       0xb6 ./Drivers/STM32H7xx_HAL_Driver/Src/stm32h7xx_hal_fdcan.o
                0x08001406                HAL_FDCAN_AddMessageToTxFifoQ
 .text.FDCAN_CalcultateRamBlockAddresses
                0x080014bc      0x30c ./Drivers/STM32H7xx_HAL_Driver/Src/stm32h7xx_hal_fdcan.o
 .text.FDCAN_CopyMessageToRAM
                0x080017c8       0xfc ./Drivers/STM32H7xx_HAL_Driver/Src/stm32h7xx_hal_fdcan.o
 .text.HAL_GPIO_Init
                0x080018c4      0x350 ./Drivers/STM32H7xx_HAL_Driver/Src/stm32h7xx_hal_gpio.o
                0x080018c4                HAL_GPIO_Init
 .text.HAL_GPIO_WritePin
                0x08001c14       0x32 ./Drivers/STM32H7xx_HAL_Driver/Src/stm32h7xx_hal_gpio.o
                0x08001c14                HAL_GPIO_WritePin
 .text.HAL_GPIO_TogglePin
                0x08001c46       0x34 ./Drivers/STM32H7xx_HAL_Driver/Src/stm32h7xx_hal_gpio.o
                0x08001c46                HAL_GPIO_TogglePin
 .text.HAL_PCD_Init
                0x08001c7a      0x218 ./Drivers/STM32H7xx_HAL_Driver/Src/stm32h7xx_hal_pcd.o
                0x08001c7a                HAL_PCD_Init
 .text.HAL_PCD_Start
                0x08001e92       0x6a ./Drivers/STM32H7xx_HAL_Driver/Src/stm32h7xx_hal_pcd.o
                0x08001e92                HAL_PCD_Start
 .text.HAL_PCD_IRQHandler
                0x08001efc      0x99c ./Drivers/STM32H7xx_HAL_Driver/Src/stm32h7xx_hal_pcd.o
                0x08001efc                HAL_PCD_IRQHandler
 .text.HAL_PCD_SetAddress
                0x08002898       0x48 ./Drivers/STM32H7xx_HAL_Driver/Src/stm32h7xx_hal_pcd.o
                0x08002898                HAL_PCD_SetAddress
 .text.HAL_PCD_EP_Open
                0x080028e0       0xd4 ./Drivers/STM32H7xx_HAL_Driver/Src/stm32h7xx_hal_pcd.o
                0x080028e0                HAL_PCD_EP_Open
 .text.HAL_PCD_EP_Close
                0x080029b4       0x94 ./Drivers/STM32H7xx_HAL_Driver/Src/stm32h7xx_hal_pcd.o
                0x080029b4                HAL_PCD_EP_Close
 .text.HAL_PCD_EP_Receive
                0x08002a48       0x76 ./Drivers/STM32H7xx_HAL_Driver/Src/stm32h7xx_hal_pcd.o
                0x08002a48                HAL_PCD_EP_Receive
 .text.HAL_PCD_EP_GetRxCount
                0x08002abe       0x30 ./Drivers/STM32H7xx_HAL_Driver/Src/stm32h7xx_hal_pcd.o
                0x08002abe                HAL_PCD_EP_GetRxCount
 .text.HAL_PCD_EP_Transmit
                0x08002aee       0x74 ./Drivers/STM32H7xx_HAL_Driver/Src/stm32h7xx_hal_pcd.o
                0x08002aee                HAL_PCD_EP_Transmit
 .text.HAL_PCD_EP_SetStall
                0x08002b62       0xc6 ./Drivers/STM32H7xx_HAL_Driver/Src/stm32h7xx_hal_pcd.o
                0x08002b62                HAL_PCD_EP_SetStall
 .text.HAL_PCD_EP_ClrStall
                0x08002c28       0xac ./Drivers/STM32H7xx_HAL_Driver/Src/stm32h7xx_hal_pcd.o
                0x08002c28                HAL_PCD_EP_ClrStall
 .text.HAL_PCD_EP_Abort
                0x08002cd4       0x62 ./Drivers/STM32H7xx_HAL_Driver/Src/stm32h7xx_hal_pcd.o
                0x08002cd4                HAL_PCD_EP_Abort
 .text.PCD_WriteEmptyTxFifo
                0x08002d36      0x118 ./Drivers/STM32H7xx_HAL_Driver/Src/stm32h7xx_hal_pcd.o
 *fill*         0x08002e4e        0x2 
 .text.PCD_EP_OutXfrComplete_int
                0x08002e50      0x1d0 ./Drivers/STM32H7xx_HAL_Driver/Src/stm32h7xx_hal_pcd.o
 .text.PCD_EP_OutSetupPacket_int
                0x08003020       0x8c ./Drivers/STM32H7xx_HAL_Driver/Src/stm32h7xx_hal_pcd.o
 .text.HAL_PCDEx_SetTxFiFo
                0x080030ac       0x8e ./Drivers/STM32H7xx_HAL_Driver/Src/stm32h7xx_hal_pcd_ex.o
                0x080030ac                HAL_PCDEx_SetTxFiFo
 .text.HAL_PCDEx_SetRxFiFo
                0x0800313a       0x22 ./Drivers/STM32H7xx_HAL_Driver/Src/stm32h7xx_hal_pcd_ex.o
                0x0800313a                HAL_PCDEx_SetRxFiFo
 .text.HAL_PCDEx_ActivateLPM
                0x0800315c       0x48 ./Drivers/STM32H7xx_HAL_Driver/Src/stm32h7xx_hal_pcd_ex.o
                0x0800315c                HAL_PCDEx_ActivateLPM
 .text.HAL_PCDEx_LPM_Callback
                0x080031a4       0x18 ./Drivers/STM32H7xx_HAL_Driver/Src/stm32h7xx_hal_pcd_ex.o
                0x080031a4                HAL_PCDEx_LPM_Callback
 .text.HAL_PWREx_ConfigSupply
                0x080031bc       0x74 ./Drivers/STM32H7xx_HAL_Driver/Src/stm32h7xx_hal_pwr_ex.o
                0x080031bc                HAL_PWREx_ConfigSupply
 .text.HAL_PWREx_EnableUSBVoltageDetector
                0x08003230       0x20 ./Drivers/STM32H7xx_HAL_Driver/Src/stm32h7xx_hal_pwr_ex.o
                0x08003230                HAL_PWREx_EnableUSBVoltageDetector
 .text.HAL_RCC_OscConfig
                0x08003250      0x7b4 ./Drivers/STM32H7xx_HAL_Driver/Src/stm32h7xx_hal_rcc.o
                0x08003250                HAL_RCC_OscConfig
 .text.HAL_RCC_ClockConfig
                0x08003a04      0x36c ./Drivers/STM32H7xx_HAL_Driver/Src/stm32h7xx_hal_rcc.o
                0x08003a04                HAL_RCC_ClockConfig
 .text.HAL_RCC_GetSysClockFreq
                0x08003d70      0x2f4 ./Drivers/STM32H7xx_HAL_Driver/Src/stm32h7xx_hal_rcc.o
                0x08003d70                HAL_RCC_GetSysClockFreq
 .text.HAL_RCC_GetHCLKFreq
                0x08004064       0x60 ./Drivers/STM32H7xx_HAL_Driver/Src/stm32h7xx_hal_rcc.o
                0x08004064                HAL_RCC_GetHCLKFreq
 .text.HAL_RCCEx_PeriphCLKConfig
                0x080040c4     0x1340 ./Drivers/STM32H7xx_HAL_Driver/Src/stm32h7xx_hal_rcc_ex.o
                0x080040c4                HAL_RCCEx_PeriphCLKConfig
 .text.RCCEx_PLL2_Config
                0x08005404      0x164 ./Drivers/STM32H7xx_HAL_Driver/Src/stm32h7xx_hal_rcc_ex.o
 .text.RCCEx_PLL3_Config
                0x08005568      0x164 ./Drivers/STM32H7xx_HAL_Driver/Src/stm32h7xx_hal_rcc_ex.o
 .text.USB_CoreInit
                0x080056cc       0xe4 ./Drivers/STM32H7xx_HAL_Driver/Src/stm32h7xx_ll_usb.o
                0x080056cc                USB_CoreInit
 .text.USB_SetTurnaroundTime
                0x080057b0      0x144 ./Drivers/STM32H7xx_HAL_Driver/Src/stm32h7xx_ll_usb.o
                0x080057b0                USB_SetTurnaroundTime
 .text.USB_EnableGlobalInt
                0x080058f4       0x22 ./Drivers/STM32H7xx_HAL_Driver/Src/stm32h7xx_ll_usb.o
                0x080058f4                USB_EnableGlobalInt
 .text.USB_DisableGlobalInt
                0x08005916       0x22 ./Drivers/STM32H7xx_HAL_Driver/Src/stm32h7xx_ll_usb.o
                0x08005916                USB_DisableGlobalInt
 .text.USB_SetCurrentMode
                0x08005938       0x98 ./Drivers/STM32H7xx_HAL_Driver/Src/stm32h7xx_ll_usb.o
                0x08005938                USB_SetCurrentMode
 .text.USB_DevInit
                0x080059d0      0x2bc ./Drivers/STM32H7xx_HAL_Driver/Src/stm32h7xx_ll_usb.o
                0x080059d0                USB_DevInit
 .text.USB_FlushTxFifo
                0x08005c8c       0x64 ./Drivers/STM32H7xx_HAL_Driver/Src/stm32h7xx_ll_usb.o
                0x08005c8c                USB_FlushTxFifo
 .text.USB_FlushRxFifo
                0x08005cf0       0x5c ./Drivers/STM32H7xx_HAL_Driver/Src/stm32h7xx_ll_usb.o
                0x08005cf0                USB_FlushRxFifo
 .text.USB_SetDevSpeed
                0x08005d4c       0x32 ./Drivers/STM32H7xx_HAL_Driver/Src/stm32h7xx_ll_usb.o
                0x08005d4c                USB_SetDevSpeed
 .text.USB_GetDevSpeed
                0x08005d7e       0x4a ./Drivers/STM32H7xx_HAL_Driver/Src/stm32h7xx_ll_usb.o
                0x08005d7e                USB_GetDevSpeed
 .text.USB_ActivateEndpoint
                0x08005dc8      0x110 ./Drivers/STM32H7xx_HAL_Driver/Src/stm32h7xx_ll_usb.o
                0x08005dc8                USB_ActivateEndpoint
 .text.USB_DeactivateEndpoint
                0x08005ed8      0x1b8 ./Drivers/STM32H7xx_HAL_Driver/Src/stm32h7xx_ll_usb.o
                0x08005ed8                USB_DeactivateEndpoint
 .text.USB_EPStartXfer
                0x08006090      0x548 ./Drivers/STM32H7xx_HAL_Driver/Src/stm32h7xx_ll_usb.o
                0x08006090                USB_EPStartXfer
 .text.USB_EPStopXfer
                0x080065d8      0x154 ./Drivers/STM32H7xx_HAL_Driver/Src/stm32h7xx_ll_usb.o
                0x080065d8                USB_EPStopXfer
 .text.USB_WritePacket
                0x0800672c       0x7c ./Drivers/STM32H7xx_HAL_Driver/Src/stm32h7xx_ll_usb.o
                0x0800672c                USB_WritePacket
 .text.USB_ReadPacket
                0x080067a8       0xb0 ./Drivers/STM32H7xx_HAL_Driver/Src/stm32h7xx_ll_usb.o
                0x080067a8                USB_ReadPacket
 .text.USB_EPSetStall
                0x08006858       0xdc ./Drivers/STM32H7xx_HAL_Driver/Src/stm32h7xx_ll_usb.o
                0x08006858                USB_EPSetStall
 .text.USB_EPClearStall
                0x08006934       0xcc ./Drivers/STM32H7xx_HAL_Driver/Src/stm32h7xx_ll_usb.o
                0x08006934                USB_EPClearStall
 .text.USB_SetDevAddress
                0x08006a00       0x4c ./Drivers/STM32H7xx_HAL_Driver/Src/stm32h7xx_ll_usb.o
                0x08006a00                USB_SetDevAddress
 .text.USB_DevConnect
                0x08006a4c       0x42 ./Drivers/STM32H7xx_HAL_Driver/Src/stm32h7xx_ll_usb.o
                0x08006a4c                USB_DevConnect
 .text.USB_DevDisconnect
                0x08006a8e       0x42 ./Drivers/STM32H7xx_HAL_Driver/Src/stm32h7xx_ll_usb.o
                0x08006a8e                USB_DevDisconnect
 .text.USB_ReadInterrupts
                0x08006ad0       0x26 ./Drivers/STM32H7xx_HAL_Driver/Src/stm32h7xx_ll_usb.o
                0x08006ad0                USB_ReadInterrupts
 .text.USB_ReadDevAllOutEpInterrupt
                0x08006af6       0x34 ./Drivers/STM32H7xx_HAL_Driver/Src/stm32h7xx_ll_usb.o
                0x08006af6                USB_ReadDevAllOutEpInterrupt
 .text.USB_ReadDevAllInEpInterrupt
                0x08006b2a       0x34 ./Drivers/STM32H7xx_HAL_Driver/Src/stm32h7xx_ll_usb.o
                0x08006b2a                USB_ReadDevAllInEpInterrupt
 .text.USB_ReadDevOutEPInterrupt
                0x08006b5e       0x3c ./Drivers/STM32H7xx_HAL_Driver/Src/stm32h7xx_ll_usb.o
                0x08006b5e                USB_ReadDevOutEPInterrupt
 .text.USB_ReadDevInEPInterrupt
                0x08006b9a       0x5c ./Drivers/STM32H7xx_HAL_Driver/Src/stm32h7xx_ll_usb.o
                0x08006b9a                USB_ReadDevInEPInterrupt
 .text.USB_GetMode
                0x08006bf6       0x1c ./Drivers/STM32H7xx_HAL_Driver/Src/stm32h7xx_ll_usb.o
                0x08006bf6                USB_GetMode
 *fill*         0x08006c12        0x2 
 .text.USB_ActivateSetup
                0x08006c14       0x48 ./Drivers/STM32H7xx_HAL_Driver/Src/stm32h7xx_ll_usb.o
                0x08006c14                USB_ActivateSetup
 .text.USB_EP0_OutStart
                0x08006c5c       0xbc ./Drivers/STM32H7xx_HAL_Driver/Src/stm32h7xx_ll_usb.o
                0x08006c5c                USB_EP0_OutStart
 .text.USB_CoreReset
                0x08006d18       0x62 ./Drivers/STM32H7xx_HAL_Driver/Src/stm32h7xx_ll_usb.o
 *fill*         0x08006d7a        0x2 
 .text.USBD_CDC_Init
                0x08006d7c      0x1f0 ./Middlewares/ST/STM32_USB_Device_Library/Class/CDC/Src/usbd_cdc.o
 .text.USBD_CDC_DeInit
                0x08006f6c      0x104 ./Middlewares/ST/STM32_USB_Device_Library/Class/CDC/Src/usbd_cdc.o
 .text.USBD_CDC_Setup
                0x08007070      0x1b8 ./Middlewares/ST/STM32_USB_Device_Library/Class/CDC/Src/usbd_cdc.o
 .text.USBD_CDC_DataIn
                0x08007228       0xfe ./Middlewares/ST/STM32_USB_Device_Library/Class/CDC/Src/usbd_cdc.o
 .text.USBD_CDC_DataOut
                0x08007326       0x70 ./Middlewares/ST/STM32_USB_Device_Library/Class/CDC/Src/usbd_cdc.o
 .text.USBD_CDC_EP0_RxReady
                0x08007396       0x74 ./Middlewares/ST/STM32_USB_Device_Library/Class/CDC/Src/usbd_cdc.o
 *fill*         0x0800740a        0x2 
 .text.USBD_CDC_GetFSCfgDesc
                0x0800740c       0x70 ./Middlewares/ST/STM32_USB_Device_Library/Class/CDC/Src/usbd_cdc.o
 .text.USBD_CDC_GetHSCfgDesc
                0x0800747c       0x70 ./Middlewares/ST/STM32_USB_Device_Library/Class/CDC/Src/usbd_cdc.o
 .text.USBD_CDC_GetOtherSpeedCfgDesc
                0x080074ec       0x70 ./Middlewares/ST/STM32_USB_Device_Library/Class/CDC/Src/usbd_cdc.o
 .text.USBD_CDC_GetDeviceQualifierDescriptor
                0x0800755c       0x20 ./Middlewares/ST/STM32_USB_Device_Library/Class/CDC/Src/usbd_cdc.o
                0x0800755c                USBD_CDC_GetDeviceQualifierDescriptor
 .text.USBD_CDC_RegisterInterface
                0x0800757c       0x34 ./Middlewares/ST/STM32_USB_Device_Library/Class/CDC/Src/usbd_cdc.o
                0x0800757c                USBD_CDC_RegisterInterface
 .text.USBD_CDC_SetTxBuffer
                0x080075b0       0x44 ./Middlewares/ST/STM32_USB_Device_Library/Class/CDC/Src/usbd_cdc.o
                0x080075b0                USBD_CDC_SetTxBuffer
 .text.USBD_CDC_SetRxBuffer
                0x080075f4       0x3a ./Middlewares/ST/STM32_USB_Device_Library/Class/CDC/Src/usbd_cdc.o
                0x080075f4                USBD_CDC_SetRxBuffer
 *fill*         0x0800762e        0x2 
 .text.USBD_CDC_TransmitPacket
                0x08007630       0x80 ./Middlewares/ST/STM32_USB_Device_Library/Class/CDC/Src/usbd_cdc.o
                0x08007630                USBD_CDC_TransmitPacket
 .text.USBD_CDC_ReceivePacket
                0x080076b0       0x6c ./Middlewares/ST/STM32_USB_Device_Library/Class/CDC/Src/usbd_cdc.o
                0x080076b0                USBD_CDC_ReceivePacket
 .text.USBD_Init
                0x0800771c       0x60 ./Middlewares/ST/STM32_USB_Device_Library/Core/Src/usbd_core.o
                0x0800771c                USBD_Init
 .text.USBD_RegisterClass
                0x0800777c       0x6c ./Middlewares/ST/STM32_USB_Device_Library/Core/Src/usbd_core.o
                0x0800777c                USBD_RegisterClass
 .text.USBD_Start
                0x080077e8       0x18 ./Middlewares/ST/STM32_USB_Device_Library/Core/Src/usbd_core.o
                0x080077e8                USBD_Start
 .text.USBD_RunTestMode
                0x08007800       0x16 ./Middlewares/ST/STM32_USB_Device_Library/Core/Src/usbd_core.o
                0x08007800                USBD_RunTestMode
 .text.USBD_SetClassConfig
                0x08007816       0x38 ./Middlewares/ST/STM32_USB_Device_Library/Core/Src/usbd_core.o
                0x08007816                USBD_SetClassConfig
 .text.USBD_ClrClassConfig
                0x0800784e       0x34 ./Middlewares/ST/STM32_USB_Device_Library/Core/Src/usbd_core.o
                0x0800784e                USBD_ClrClassConfig
 .text.USBD_LL_SetupStage
                0x08007882       0xaa ./Middlewares/ST/STM32_USB_Device_Library/Core/Src/usbd_core.o
                0x08007882                USBD_LL_SetupStage
 .text.USBD_LL_DataOutStage
                0x0800792c      0x166 ./Middlewares/ST/STM32_USB_Device_Library/Core/Src/usbd_core.o
                0x0800792c                USBD_LL_DataOutStage
 .text.USBD_LL_DataInStage
                0x08007a92      0x164 ./Middlewares/ST/STM32_USB_Device_Library/Core/Src/usbd_core.o
                0x08007a92                USBD_LL_DataInStage
 .text.USBD_LL_Reset
                0x08007bf6       0xa4 ./Middlewares/ST/STM32_USB_Device_Library/Core/Src/usbd_core.o
                0x08007bf6                USBD_LL_Reset
 .text.USBD_LL_SetSpeed
                0x08007c9a       0x20 ./Middlewares/ST/STM32_USB_Device_Library/Core/Src/usbd_core.o
                0x08007c9a                USBD_LL_SetSpeed
 .text.USBD_LL_Suspend
                0x08007cba       0x38 ./Middlewares/ST/STM32_USB_Device_Library/Core/Src/usbd_core.o
                0x08007cba                USBD_LL_Suspend
 .text.USBD_LL_Resume
                0x08007cf2       0x30 ./Middlewares/ST/STM32_USB_Device_Library/Core/Src/usbd_core.o
                0x08007cf2                USBD_LL_Resume
 .text.USBD_LL_SOF
                0x08007d22       0x40 ./Middlewares/ST/STM32_USB_Device_Library/Core/Src/usbd_core.o
                0x08007d22                USBD_LL_SOF
 .text.USBD_LL_IsoINIncomplete
                0x08007d62       0x64 ./Middlewares/ST/STM32_USB_Device_Library/Core/Src/usbd_core.o
                0x08007d62                USBD_LL_IsoINIncomplete
 .text.USBD_LL_IsoOUTIncomplete
                0x08007dc6       0x64 ./Middlewares/ST/STM32_USB_Device_Library/Core/Src/usbd_core.o
                0x08007dc6                USBD_LL_IsoOUTIncomplete
 .text.USBD_LL_DevConnected
                0x08007e2a       0x16 ./Middlewares/ST/STM32_USB_Device_Library/Core/Src/usbd_core.o
                0x08007e2a                USBD_LL_DevConnected
 .text.USBD_LL_DevDisconnected
                0x08007e40       0x46 ./Middlewares/ST/STM32_USB_Device_Library/Core/Src/usbd_core.o
                0x08007e40                USBD_LL_DevDisconnected
 .text.USBD_CoreFindIF
                0x08007e86       0x1a ./Middlewares/ST/STM32_USB_Device_Library/Core/Src/usbd_core.o
                0x08007e86                USBD_CoreFindIF
 .text.USBD_CoreFindEP
                0x08007ea0       0x1a ./Middlewares/ST/STM32_USB_Device_Library/Core/Src/usbd_core.o
                0x08007ea0                USBD_CoreFindEP
 .text.USBD_GetEpDesc
                0x08007eba       0x70 ./Middlewares/ST/STM32_USB_Device_Library/Core/Src/usbd_core.o
                0x08007eba                USBD_GetEpDesc
 .text.USBD_GetNextDesc
                0x08007f2a       0x38 ./Middlewares/ST/STM32_USB_Device_Library/Core/Src/usbd_core.o
                0x08007f2a                USBD_GetNextDesc
 .text.SWAPBYTE
                0x08007f62       0x3e ./Middlewares/ST/STM32_USB_Device_Library/Core/Src/usbd_ctlreq.o
 .text.USBD_StdDevReq
                0x08007fa0       0xe4 ./Middlewares/ST/STM32_USB_Device_Library/Core/Src/usbd_ctlreq.o
                0x08007fa0                USBD_StdDevReq
 .text.USBD_StdItfReq
                0x08008084       0xd8 ./Middlewares/ST/STM32_USB_Device_Library/Core/Src/usbd_ctlreq.o
                0x08008084                USBD_StdItfReq
 .text.USBD_StdEPReq
                0x0800815c      0x33a ./Middlewares/ST/STM32_USB_Device_Library/Core/Src/usbd_ctlreq.o
                0x0800815c                USBD_StdEPReq
 *fill*         0x08008496        0x2 
 .text.USBD_GetDescriptor
                0x08008498      0x328 ./Middlewares/ST/STM32_USB_Device_Library/Core/Src/usbd_ctlreq.o
 .text.USBD_SetAddress
                0x080087c0       0x88 ./Middlewares/ST/STM32_USB_Device_Library/Core/Src/usbd_ctlreq.o
 .text.USBD_SetConfig
                0x08008848      0x154 ./Middlewares/ST/STM32_USB_Device_Library/Core/Src/usbd_ctlreq.o
 .text.USBD_GetConfig
                0x0800899c       0x6c ./Middlewares/ST/STM32_USB_Device_Library/Core/Src/usbd_ctlreq.o
 .text.USBD_GetStatus
                0x08008a08       0x68 ./Middlewares/ST/STM32_USB_Device_Library/Core/Src/usbd_ctlreq.o
 .text.USBD_SetFeature
                0x08008a70       0x52 ./Middlewares/ST/STM32_USB_Device_Library/Core/Src/usbd_ctlreq.o
 .text.USBD_ClrFeature
                0x08008ac2       0x44 ./Middlewares/ST/STM32_USB_Device_Library/Core/Src/usbd_ctlreq.o
 .text.USBD_ParseSetupRequest
                0x08008b06       0x74 ./Middlewares/ST/STM32_USB_Device_Library/Core/Src/usbd_ctlreq.o
                0x08008b06                USBD_ParseSetupRequest
 .text.USBD_CtlError
                0x08008b7a       0x22 ./Middlewares/ST/STM32_USB_Device_Library/Core/Src/usbd_ctlreq.o
                0x08008b7a                USBD_CtlError
 .text.USBD_GetString
                0x08008b9c       0xa4 ./Middlewares/ST/STM32_USB_Device_Library/Core/Src/usbd_ctlreq.o
                0x08008b9c                USBD_GetString
 .text.USBD_GetLen
                0x08008c40       0x34 ./Middlewares/ST/STM32_USB_Device_Library/Core/Src/usbd_ctlreq.o
 .text.USBD_CtlSendData
                0x08008c74       0x36 ./Middlewares/ST/STM32_USB_Device_Library/Core/Src/usbd_ioreq.o
                0x08008c74                USBD_CtlSendData
 .text.USBD_CtlContinueSendData
                0x08008caa       0x22 ./Middlewares/ST/STM32_USB_Device_Library/Core/Src/usbd_ioreq.o
                0x08008caa                USBD_CtlContinueSendData
 .text.USBD_CtlPrepareRx
                0x08008ccc       0x3a ./Middlewares/ST/STM32_USB_Device_Library/Core/Src/usbd_ioreq.o
                0x08008ccc                USBD_CtlPrepareRx
 .text.USBD_CtlContinueRx
                0x08008d06       0x22 ./Middlewares/ST/STM32_USB_Device_Library/Core/Src/usbd_ioreq.o
                0x08008d06                USBD_CtlContinueRx
 .text.USBD_CtlSendStatus
                0x08008d28       0x26 ./Middlewares/ST/STM32_USB_Device_Library/Core/Src/usbd_ioreq.o
                0x08008d28                USBD_CtlSendStatus
 .text.USBD_CtlReceiveStatus
                0x08008d4e       0x26 ./Middlewares/ST/STM32_USB_Device_Library/Core/Src/usbd_ioreq.o
                0x08008d4e                USBD_CtlReceiveStatus
 .text.MX_USB_DEVICE_Init
                0x08008d74       0x64 ./USB_DEVICE/App/usb_device.o
                0x08008d74                MX_USB_DEVICE_Init
 .text.CDC_Init_HS
                0x08008dd8       0x28 ./USB_DEVICE/App/usbd_cdc_if.o
 .text.CDC_DeInit_HS
                0x08008e00       0x10 ./USB_DEVICE/App/usbd_cdc_if.o
 .text.CDC_Control_HS
                0x08008e10       0xbc ./USB_DEVICE/App/usbd_cdc_if.o
 .text.CDC_Receive_HS
                0x08008ecc       0x28 ./USB_DEVICE/App/usbd_cdc_if.o
 .text.CDC_Transmit_HS
                0x08008ef4       0x4c ./USB_DEVICE/App/usbd_cdc_if.o
                0x08008ef4                CDC_Transmit_HS
 .text.CDC_TransmitCplt_HS
                0x08008f40       0x22 ./USB_DEVICE/App/usbd_cdc_if.o
 *fill*         0x08008f62        0x2 
 .text.USBD_HS_DeviceDescriptor
                0x08008f64       0x24 ./USB_DEVICE/App/usbd_desc.o
                0x08008f64                USBD_HS_DeviceDescriptor
 .text.USBD_HS_LangIDStrDescriptor
                0x08008f88       0x24 ./USB_DEVICE/App/usbd_desc.o
                0x08008f88                USBD_HS_LangIDStrDescriptor
 .text.USBD_HS_ProductStrDescriptor
                0x08008fac       0x3c ./USB_DEVICE/App/usbd_desc.o
                0x08008fac                USBD_HS_ProductStrDescriptor
 .text.USBD_HS_ManufacturerStrDescriptor
                0x08008fe8       0x28 ./USB_DEVICE/App/usbd_desc.o
                0x08008fe8                USBD_HS_ManufacturerStrDescriptor
 .text.USBD_HS_SerialStrDescriptor
                0x08009010       0x24 ./USB_DEVICE/App/usbd_desc.o
                0x08009010                USBD_HS_SerialStrDescriptor
 .text.USBD_HS_ConfigStrDescriptor
                0x08009034       0x3c ./USB_DEVICE/App/usbd_desc.o
                0x08009034                USBD_HS_ConfigStrDescriptor
 .text.USBD_HS_InterfaceStrDescriptor
                0x08009070       0x3c ./USB_DEVICE/App/usbd_desc.o
                0x08009070                USBD_HS_InterfaceStrDescriptor
 .text.Get_SerialNum
                0x080090ac       0x58 ./USB_DEVICE/App/usbd_desc.o
 .text.IntToUnicode
                0x08009104       0x7e ./USB_DEVICE/App/usbd_desc.o
 *fill*         0x08009182        0x2 
 .text.HAL_PCD_MspInit
                0x08009184       0x8c ./USB_DEVICE/Target/usbd_conf.o
                0x08009184                HAL_PCD_MspInit
 .text.HAL_PCD_SetupStageCallback
                0x08009210       0x24 ./USB_DEVICE/Target/usbd_conf.o
                0x08009210                HAL_PCD_SetupStageCallback
 .text.HAL_PCD_DataOutStageCallback
                0x08009234       0x36 ./USB_DEVICE/Target/usbd_conf.o
                0x08009234                HAL_PCD_DataOutStageCallback
 .text.HAL_PCD_DataInStageCallback
                0x0800926a       0x34 ./USB_DEVICE/Target/usbd_conf.o
                0x0800926a                HAL_PCD_DataInStageCallback
 .text.HAL_PCD_SOFCallback
                0x0800929e       0x1c ./USB_DEVICE/Target/usbd_conf.o
                0x0800929e                HAL_PCD_SOFCallback
 .text.HAL_PCD_ResetCallback
                0x080092ba       0x50 ./USB_DEVICE/Target/usbd_conf.o
                0x080092ba                HAL_PCD_ResetCallback
 *fill*         0x0800930a        0x2 
 .text.HAL_PCD_SuspendCallback
                0x0800930c       0x4c ./USB_DEVICE/Target/usbd_conf.o
                0x0800930c                HAL_PCD_SuspendCallback
 .text.HAL_PCD_ResumeCallback
                0x08009358       0x1c ./USB_DEVICE/Target/usbd_conf.o
                0x08009358                HAL_PCD_ResumeCallback
 .text.HAL_PCD_ISOOUTIncompleteCallback
                0x08009374       0x24 ./USB_DEVICE/Target/usbd_conf.o
                0x08009374                HAL_PCD_ISOOUTIncompleteCallback
 .text.HAL_PCD_ISOINIncompleteCallback
                0x08009398       0x24 ./USB_DEVICE/Target/usbd_conf.o
                0x08009398                HAL_PCD_ISOINIncompleteCallback
 .text.HAL_PCD_ConnectCallback
                0x080093bc       0x1c ./USB_DEVICE/Target/usbd_conf.o
                0x080093bc                HAL_PCD_ConnectCallback
 .text.HAL_PCD_DisconnectCallback
                0x080093d8       0x1c ./USB_DEVICE/Target/usbd_conf.o
                0x080093d8                HAL_PCD_DisconnectCallback
 .text.USBD_LL_Init
                0x080093f4       0xa4 ./USB_DEVICE/Target/usbd_conf.o
                0x080093f4                USBD_LL_Init
 .text.USBD_LL_Start
                0x08009498       0x36 ./USB_DEVICE/Target/usbd_conf.o
                0x08009498                USBD_LL_Start
 .text.USBD_LL_OpenEP
                0x080094ce       0x4c ./USB_DEVICE/Target/usbd_conf.o
                0x080094ce                USBD_LL_OpenEP
 .text.USBD_LL_CloseEP
                0x0800951a       0x3e ./USB_DEVICE/Target/usbd_conf.o
                0x0800951a                USBD_LL_CloseEP
 .text.USBD_LL_StallEP
                0x08009558       0x3e ./USB_DEVICE/Target/usbd_conf.o
                0x08009558                USBD_LL_StallEP
 .text.USBD_LL_ClearStallEP
                0x08009596       0x3e ./USB_DEVICE/Target/usbd_conf.o
                0x08009596                USBD_LL_ClearStallEP
 .text.USBD_LL_IsStallEP
                0x080095d4       0x58 ./USB_DEVICE/Target/usbd_conf.o
                0x080095d4                USBD_LL_IsStallEP
 .text.USBD_LL_SetUSBAddress
                0x0800962c       0x3e ./USB_DEVICE/Target/usbd_conf.o
                0x0800962c                USBD_LL_SetUSBAddress
 .text.USBD_LL_Transmit
                0x0800966a       0x42 ./USB_DEVICE/Target/usbd_conf.o
                0x0800966a                USBD_LL_Transmit
 .text.USBD_LL_PrepareReceive
                0x080096ac       0x42 ./USB_DEVICE/Target/usbd_conf.o
                0x080096ac                USBD_LL_PrepareReceive
 .text.USBD_LL_GetRxDataSize
                0x080096ee       0x26 ./USB_DEVICE/Target/usbd_conf.o
                0x080096ee                USBD_LL_GetRxDataSize
 .text.USBD_static_malloc
                0x08009714       0x1c ./USB_DEVICE/Target/usbd_conf.o
                0x08009714                USBD_static_malloc
 .text.USBD_static_free
                0x08009730       0x14 ./USB_DEVICE/Target/usbd_conf.o
                0x08009730                USBD_static_free
 .text.USBD_Get_USB_Status
                0x08009744       0x58 ./USB_DEVICE/Target/usbd_conf.o
                0x08009744                USBD_Get_USB_Status
 .text.memset   0x0800979c       0x10 C:/ST/STM32CubeIDE_1.18.1/STM32CubeIDE/plugins/com.st.stm32cube.ide.mcu.externaltools.gnu-tools-for-stm32.13.3.rel1.win32_1.0.0.202411081344/tools/bin/../lib/gcc/arm-none-eabi/13.3.1/../../../../arm-none-eabi/lib/thumb/v7e-m+dp/hard\libc_nano.a(libc_a-memset.o)
                0x0800979c                memset
 .text.__libc_init_array
                0x080097ac       0x48 C:/ST/STM32CubeIDE_1.18.1/STM32CubeIDE/plugins/com.st.stm32cube.ide.mcu.externaltools.gnu-tools-for-stm32.13.3.rel1.win32_1.0.0.202411081344/tools/bin/../lib/gcc/arm-none-eabi/13.3.1/../../../../arm-none-eabi/lib/thumb/v7e-m+dp/hard\libc_nano.a(libc_a-init.o)
                0x080097ac                __libc_init_array
 .text.memcpy   0x080097f4       0x1c C:/ST/STM32CubeIDE_1.18.1/STM32CubeIDE/plugins/com.st.stm32cube.ide.mcu.externaltools.gnu-tools-for-stm32.13.3.rel1.win32_1.0.0.202411081344/tools/bin/../lib/gcc/arm-none-eabi/13.3.1/../../../../arm-none-eabi/lib/thumb/v7e-m+dp/hard\libc_nano.a(libc_a-memcpy-stub.o)
                0x080097f4                memcpy
 *(.glue_7)
 .glue_7        0x08009810        0x0 linker stubs
 *(.glue_7t)
 .glue_7t       0x08009810        0x0 linker stubs
 *(.eh_frame)
 .eh_frame      0x08009810        0x0 C:/ST/STM32CubeIDE_1.18.1/STM32CubeIDE/plugins/com.st.stm32cube.ide.mcu.externaltools.gnu-tools-for-stm32.13.3.rel1.win32_1.0.0.202411081344/tools/bin/../lib/gcc/arm-none-eabi/13.3.1/thumb/v7e-m+dp/hard/crtbegin.o
 *(.init)
 .init          0x08009810        0x4 C:/ST/STM32CubeIDE_1.18.1/STM32CubeIDE/plugins/com.st.stm32cube.ide.mcu.externaltools.gnu-tools-for-stm32.13.3.rel1.win32_1.0.0.202411081344/tools/bin/../lib/gcc/arm-none-eabi/13.3.1/thumb/v7e-m+dp/hard/crti.o
                0x08009810                _init
 .init          0x08009814        0x8 C:/ST/STM32CubeIDE_1.18.1/STM32CubeIDE/plugins/com.st.stm32cube.ide.mcu.externaltools.gnu-tools-for-stm32.13.3.rel1.win32_1.0.0.202411081344/tools/bin/../lib/gcc/arm-none-eabi/13.3.1/thumb/v7e-m+dp/hard/crtn.o
 *(.fini)
 .fini          0x0800981c        0x4 C:/ST/STM32CubeIDE_1.18.1/STM32CubeIDE/plugins/com.st.stm32cube.ide.mcu.externaltools.gnu-tools-for-stm32.13.3.rel1.win32_1.0.0.202411081344/tools/bin/../lib/gcc/arm-none-eabi/13.3.1/thumb/v7e-m+dp/hard/crti.o
                0x0800981c                _fini
 .fini          0x08009820        0x8 C:/ST/STM32CubeIDE_1.18.1/STM32CubeIDE/plugins/com.st.stm32cube.ide.mcu.externaltools.gnu-tools-for-stm32.13.3.rel1.win32_1.0.0.202411081344/tools/bin/../lib/gcc/arm-none-eabi/13.3.1/thumb/v7e-m+dp/hard/crtn.o
                0x08009828                        . = ALIGN (0x4)
                0x08009828                        _etext = .

.vfp11_veneer   0x08009828        0x0
 .vfp11_veneer  0x08009828        0x0 linker stubs

.v4_bx          0x08009828        0x0
 .v4_bx         0x08009828        0x0 linker stubs

.iplt           0x08009828        0x0
 .iplt          0x08009828        0x0 C:/ST/STM32CubeIDE_1.18.1/STM32CubeIDE/plugins/com.st.stm32cube.ide.mcu.externaltools.gnu-tools-for-stm32.13.3.rel1.win32_1.0.0.202411081344/tools/bin/../lib/gcc/arm-none-eabi/13.3.1/thumb/v7e-m+dp/hard/crtbegin.o

.rodata         0x08009828       0xd4
                0x08009828                        . = ALIGN (0x4)
 *(.rodata)
 .rodata        0x08009828       0x30 ./Core/Src/main.o
 .rodata        0x08009858       0x4c ./Drivers/STM32H7xx_HAL_Driver/Src/stm32h7xx_hal_fdcan.o
 .rodata        0x080098a4       0x36 ./USB_DEVICE/App/usbd_desc.o
 *(.rodata*)
 *fill*         0x080098da        0x2 
 .rodata.D1CorePrescTable
                0x080098dc       0x10 ./Core/Src/system_stm32h7xx.o
                0x080098dc                D1CorePrescTable
 .rodata.DLCtoBytes
                0x080098ec       0x10 ./Drivers/STM32H7xx_HAL_Driver/Src/stm32h7xx_hal_fdcan.o
                0x080098fc                        . = ALIGN (0x4)

.ARM.extab
 *(.ARM.extab* .gnu.linkonce.armextab.*)

.ARM            0x080098fc        0x0
                0x080098fc                        __exidx_start = .
 *(.ARM.exidx*)
                0x080098fc                        __exidx_end = .

.preinit_array  0x080098fc        0x0
                0x080098fc                        PROVIDE (__preinit_array_start = .)
 *(.preinit_array*)
                0x080098fc                        PROVIDE (__preinit_array_end = .)

.init_array     0x080098fc        0x4
                0x080098fc                        PROVIDE (__init_array_start = .)
 *(SORT_BY_NAME(.init_array.*))
 *(.init_array*)
 .init_array    0x080098fc        0x4 C:/ST/STM32CubeIDE_1.18.1/STM32CubeIDE/plugins/com.st.stm32cube.ide.mcu.externaltools.gnu-tools-for-stm32.13.3.rel1.win32_1.0.0.202411081344/tools/bin/../lib/gcc/arm-none-eabi/13.3.1/thumb/v7e-m+dp/hard/crtbegin.o
                0x08009900                        PROVIDE (__init_array_end = .)

.fini_array     0x08009900        0x4
                [!provide]                        PROVIDE (__fini_array_start = .)
 *(SORT_BY_NAME(.fini_array.*))
 *(.fini_array*)
 .fini_array    0x08009900        0x4 C:/ST/STM32CubeIDE_1.18.1/STM32CubeIDE/plugins/com.st.stm32cube.ide.mcu.externaltools.gnu-tools-for-stm32.13.3.rel1.win32_1.0.0.202411081344/tools/bin/../lib/gcc/arm-none-eabi/13.3.1/thumb/v7e-m+dp/hard/crtbegin.o
                [!provide]                        PROVIDE (__fini_array_end = .)
                0x08009904                        _sidata = LOADADDR (.data)

.rel.dyn        0x08009904        0x0
 .rel.iplt      0x08009904        0x0 C:/ST/STM32CubeIDE_1.18.1/STM32CubeIDE/plugins/com.st.stm32cube.ide.mcu.externaltools.gnu-tools-for-stm32.13.3.rel1.win32_1.0.0.202411081344/tools/bin/../lib/gcc/arm-none-eabi/13.3.1/thumb/v7e-m+dp/hard/crtbegin.o

.data           0x24000000      0x104 load address 0x08009904
                0x24000000                        . = ALIGN (0x4)
                0x24000000                        _sdata = .
 *(.data)
 *(.data*)
 .data.SystemCoreClock
                0x24000000        0x4 ./Core/Src/system_stm32h7xx.o
                0x24000000                SystemCoreClock
 .data.SystemD2Clock
                0x24000004        0x4 ./Core/Src/system_stm32h7xx.o
                0x24000004                SystemD2Clock
 .data.uwTickPrio
                0x24000008        0x4 ./Drivers/STM32H7xx_HAL_Driver/Src/stm32h7xx_hal.o
                0x24000008                uwTickPrio
 .data.uwTickFreq
                0x2400000c        0x1 ./Drivers/STM32H7xx_HAL_Driver/Src/stm32h7xx_hal.o
                0x2400000c                uwTickFreq
 *fill*         0x2400000d        0x3 
 .data.USBD_CDC_DeviceQualifierDesc
                0x24000010        0xa ./Middlewares/ST/STM32_USB_Device_Library/Class/CDC/Src/usbd_cdc.o
 *fill*         0x2400001a        0x2 
 .data.USBD_CDC
                0x2400001c       0x38 ./Middlewares/ST/STM32_USB_Device_Library/Class/CDC/Src/usbd_cdc.o
                0x2400001c                USBD_CDC
 .data.USBD_CDC_CfgDesc
                0x24000054       0x43 ./Middlewares/ST/STM32_USB_Device_Library/Class/CDC/Src/usbd_cdc.o
 .data.CDCInEpAdd
                0x24000097        0x1 ./Middlewares/ST/STM32_USB_Device_Library/Class/CDC/Src/usbd_cdc.o
 .data.CDCOutEpAdd
                0x24000098        0x1 ./Middlewares/ST/STM32_USB_Device_Library/Class/CDC/Src/usbd_cdc.o
 .data.CDCCmdEpAdd
                0x24000099        0x1 ./Middlewares/ST/STM32_USB_Device_Library/Class/CDC/Src/usbd_cdc.o
 *fill*         0x2400009a        0x2 
 .data.USBD_Interface_fops_HS
                0x2400009c       0x14 ./USB_DEVICE/App/usbd_cdc_if.o
                0x2400009c                USBD_Interface_fops_HS
 .data.HS_Desc  0x240000b0       0x20 ./USB_DEVICE/App/usbd_desc.o
                0x240000b0                HS_Desc
 .data.USBD_HS_DeviceDesc
                0x240000d0       0x12 ./USB_DEVICE/App/usbd_desc.o
                0x240000d0                USBD_HS_DeviceDesc
 *fill*         0x240000e2        0x2 
 .data.USBD_LangIDDesc
                0x240000e4        0x4 ./USB_DEVICE/App/usbd_desc.o
                0x240000e4                USBD_LangIDDesc
 .data.USBD_StringSerial
                0x240000e8       0x1a ./USB_DEVICE/App/usbd_desc.o
                0x240000e8                USBD_StringSerial
 *(.RamFunc)
 *(.RamFunc*)
                0x24000104                        . = ALIGN (0x4)
 *fill*         0x24000102        0x2 
                0x24000104                        _edata = .

.igot.plt       0x24000104        0x0 load address 0x08009a08
 .igot.plt      0x24000104        0x0 C:/ST/STM32CubeIDE_1.18.1/STM32CubeIDE/plugins/com.st.stm32cube.ide.mcu.externaltools.gnu-tools-for-stm32.13.3.rel1.win32_1.0.0.202411081344/tools/bin/../lib/gcc/arm-none-eabi/13.3.1/thumb/v7e-m+dp/hard/crtbegin.o
                0x24000104                        . = ALIGN (0x4)

.bss            0x24000104     0x1d48 load address 0x08009a08
                0x24000104                        _sbss = .
                0x24000104                        __bss_start__ = _sbss
 *(.bss)
 .bss           0x24000104       0x1c C:/ST/STM32CubeIDE_1.18.1/STM32CubeIDE/plugins/com.st.stm32cube.ide.mcu.externaltools.gnu-tools-for-stm32.13.3.rel1.win32_1.0.0.202411081344/tools/bin/../lib/gcc/arm-none-eabi/13.3.1/thumb/v7e-m+dp/hard/crtbegin.o
 *(.bss*)
 .bss.hfdcan1   0x24000120       0xa0 ./Core/Src/main.o
                0x24000120                hfdcan1
 .bss.hfdcan2   0x240001c0       0xa0 ./Core/Src/main.o
                0x240001c0                hfdcan2
 .bss.HAL_RCC_FDCAN_CLK_ENABLED
                0x24000260        0x4 ./Core/Src/stm32h7xx_hal_msp.o
 .bss.uwTick    0x24000264        0x4 ./Drivers/STM32H7xx_HAL_Driver/Src/stm32h7xx_hal.o
                0x24000264                uwTick
 .bss.cfgidx.0  0x24000268        0x1 ./Middlewares/ST/STM32_USB_Device_Library/Core/Src/usbd_ctlreq.o
 *fill*         0x24000269        0x3 
 .bss.hUsbDeviceHS
                0x2400026c      0x2dc ./USB_DEVICE/App/usb_device.o
                0x2400026c                hUsbDeviceHS
 .bss.UserRxBufferHS
                0x24000548      0x800 ./USB_DEVICE/App/usbd_cdc_if.o
                0x24000548                UserRxBufferHS
 .bss.UserTxBufferHS
                0x24000d48      0x800 ./USB_DEVICE/App/usbd_cdc_if.o
                0x24000d48                UserTxBufferHS
 .bss.USBD_StrDesc
                0x24001548      0x200 ./USB_DEVICE/App/usbd_desc.o
                0x24001548                USBD_StrDesc
 .bss.hpcd_USB_OTG_HS
                0x24001748      0x4e4 ./USB_DEVICE/Target/usbd_conf.o
                0x24001748                hpcd_USB_OTG_HS
 .bss.mem.0     0x24001c2c      0x220 ./USB_DEVICE/Target/usbd_conf.o
 *(COMMON)
                0x24001e4c                        . = ALIGN (0x4)
                0x24001e4c                        _ebss = .
                0x24001e4c                        __bss_end__ = _ebss

._user_heap_stack
                0x24001e4c      0x604 load address 0x08009a08
                0x24001e50                        . = ALIGN (0x8)
 *fill*         0x24001e4c        0x4 
                [!provide]                        PROVIDE (end = .)
                0x24001e50                        PROVIDE (_end = .)
                0x24002050                        . = (. + _Min_Heap_Size)
 *fill*         0x24001e50      0x200 
                0x24002450                        . = (. + _Min_Stack_Size)
 *fill*         0x24002050      0x400 
                0x24002450                        . = ALIGN (0x8)

/DISCARD/
 libc.a(*)
 libm.a(*)
 libgcc.a(*)

.ARM.attributes
                0x00000000       0x2e
 *(.ARM.attributes)
 .ARM.attributes
                0x00000000       0x20 C:/ST/STM32CubeIDE_1.18.1/STM32CubeIDE/plugins/com.st.stm32cube.ide.mcu.externaltools.gnu-tools-for-stm32.13.3.rel1.win32_1.0.0.202411081344/tools/bin/../lib/gcc/arm-none-eabi/13.3.1/thumb/v7e-m+dp/hard/crti.o
 .ARM.attributes
                0x00000020       0x32 C:/ST/STM32CubeIDE_1.18.1/STM32CubeIDE/plugins/com.st.stm32cube.ide.mcu.externaltools.gnu-tools-for-stm32.13.3.rel1.win32_1.0.0.202411081344/tools/bin/../lib/gcc/arm-none-eabi/13.3.1/thumb/v7e-m+dp/hard/crtbegin.o
 .ARM.attributes
                0x00000052       0x32 ./Core/Src/main.o
 .ARM.attributes
                0x00000084       0x32 ./Core/Src/stm32h7xx_hal_msp.o
 .ARM.attributes
                0x000000b6       0x32 ./Core/Src/stm32h7xx_it.o
 .ARM.attributes
                0x000000e8       0x32 ./Core/Src/system_stm32h7xx.o
 .ARM.attributes
                0x0000011a       0x21 ./Core/Startup/startup_stm32h723zgtx.o
 .ARM.attributes
                0x0000013b       0x32 ./Drivers/STM32H7xx_HAL_Driver/Src/stm32h7xx_hal.o
 .ARM.attributes
                0x0000016d       0x32 ./Drivers/STM32H7xx_HAL_Driver/Src/stm32h7xx_hal_cortex.o
 .ARM.attributes
                0x0000019f       0x32 ./Drivers/STM32H7xx_HAL_Driver/Src/stm32h7xx_hal_fdcan.o
 .ARM.attributes
                0x000001d1       0x32 ./Drivers/STM32H7xx_HAL_Driver/Src/stm32h7xx_hal_gpio.o
 .ARM.attributes
                0x00000203       0x32 ./Drivers/STM32H7xx_HAL_Driver/Src/stm32h7xx_hal_pcd.o
 .ARM.attributes
                0x00000235       0x32 ./Drivers/STM32H7xx_HAL_Driver/Src/stm32h7xx_hal_pcd_ex.o
 .ARM.attributes
                0x00000267       0x32 ./Drivers/STM32H7xx_HAL_Driver/Src/stm32h7xx_hal_pwr_ex.o
 .ARM.attributes
                0x00000299       0x32 ./Drivers/STM32H7xx_HAL_Driver/Src/stm32h7xx_hal_rcc.o
 .ARM.attributes
                0x000002cb       0x32 ./Drivers/STM32H7xx_HAL_Driver/Src/stm32h7xx_hal_rcc_ex.o
 .ARM.attributes
                0x000002fd       0x32 ./Drivers/STM32H7xx_HAL_Driver/Src/stm32h7xx_ll_usb.o
 .ARM.attributes
                0x0000032f       0x32 ./Middlewares/ST/STM32_USB_Device_Library/Class/CDC/Src/usbd_cdc.o
 .ARM.attributes
                0x00000361       0x32 ./Middlewares/ST/STM32_USB_Device_Library/Core/Src/usbd_core.o
 .ARM.attributes
                0x00000393       0x32 ./Middlewares/ST/STM32_USB_Device_Library/Core/Src/usbd_ctlreq.o
 .ARM.attributes
                0x000003c5       0x32 ./Middlewares/ST/STM32_USB_Device_Library/Core/Src/usbd_ioreq.o
 .ARM.attributes
                0x000003f7       0x32 ./USB_DEVICE/App/usb_device.o
 .ARM.attributes
                0x00000429       0x32 ./USB_DEVICE/App/usbd_cdc_if.o
 .ARM.attributes
                0x0000045b       0x32 ./USB_DEVICE/App/usbd_desc.o
 .ARM.attributes
                0x0000048d       0x32 ./USB_DEVICE/Target/usbd_conf.o
 .ARM.attributes
                0x000004bf       0x32 C:/ST/STM32CubeIDE_1.18.1/STM32CubeIDE/plugins/com.st.stm32cube.ide.mcu.externaltools.gnu-tools-for-stm32.13.3.rel1.win32_1.0.0.202411081344/tools/bin/../lib/gcc/arm-none-eabi/13.3.1/../../../../arm-none-eabi/lib/thumb/v7e-m+dp/hard\libc_nano.a(libc_a-memset.o)
 .ARM.attributes
                0x000004f1       0x32 C:/ST/STM32CubeIDE_1.18.1/STM32CubeIDE/plugins/com.st.stm32cube.ide.mcu.externaltools.gnu-tools-for-stm32.13.3.rel1.win32_1.0.0.202411081344/tools/bin/../lib/gcc/arm-none-eabi/13.3.1/../../../../arm-none-eabi/lib/thumb/v7e-m+dp/hard\libc_nano.a(libc_a-init.o)
 .ARM.attributes
                0x00000523       0x32 C:/ST/STM32CubeIDE_1.18.1/STM32CubeIDE/plugins/com.st.stm32cube.ide.mcu.externaltools.gnu-tools-for-stm32.13.3.rel1.win32_1.0.0.202411081344/tools/bin/../lib/gcc/arm-none-eabi/13.3.1/../../../../arm-none-eabi/lib/thumb/v7e-m+dp/hard\libc_nano.a(libc_a-memcpy-stub.o)
 .ARM.attributes
                0x00000555       0x20 C:/ST/STM32CubeIDE_1.18.1/STM32CubeIDE/plugins/com.st.stm32cube.ide.mcu.externaltools.gnu-tools-for-stm32.13.3.rel1.win32_1.0.0.202411081344/tools/bin/../lib/gcc/arm-none-eabi/13.3.1/thumb/v7e-m+dp/hard/crtn.o
OUTPUT(CAN_USB_COMMUNICATION.elf elf32-littlearm)
LOAD linker stubs
LOAD C:/ST/STM32CubeIDE_1.18.1/STM32CubeIDE/plugins/com.st.stm32cube.ide.mcu.externaltools.gnu-tools-for-stm32.13.3.rel1.win32_1.0.0.202411081344/tools/bin/../lib/gcc/arm-none-eabi/13.3.1/../../../../arm-none-eabi/lib/thumb/v7e-m+dp/hard\libc.a
LOAD C:/ST/STM32CubeIDE_1.18.1/STM32CubeIDE/plugins/com.st.stm32cube.ide.mcu.externaltools.gnu-tools-for-stm32.13.3.rel1.win32_1.0.0.202411081344/tools/bin/../lib/gcc/arm-none-eabi/13.3.1/../../../../arm-none-eabi/lib/thumb/v7e-m+dp/hard\libm.a
LOAD C:/ST/STM32CubeIDE_1.18.1/STM32CubeIDE/plugins/com.st.stm32cube.ide.mcu.externaltools.gnu-tools-for-stm32.13.3.rel1.win32_1.0.0.202411081344/tools/bin/../lib/gcc/arm-none-eabi/13.3.1/thumb/v7e-m+dp/hard\libgcc.a

.debug_info     0x00000000    0x16a52
 .debug_info    0x00000000     0x1474 ./Core/Src/main.o
 .debug_info    0x00001474     0x1170 ./Core/Src/stm32h7xx_hal_msp.o
 .debug_info    0x000025e4      0x6b2 ./Core/Src/stm32h7xx_it.o
 .debug_info    0x00002c96      0xbf0 ./Core/Src/system_stm32h7xx.o
 .debug_info    0x00003886       0x30 ./Core/Startup/startup_stm32h723zgtx.o
 .debug_info    0x000038b6     0x1698 ./Drivers/STM32H7xx_HAL_Driver/Src/stm32h7xx_hal.o
 .debug_info    0x00004f4e     0x10a5 ./Drivers/STM32H7xx_HAL_Driver/Src/stm32h7xx_hal_cortex.o
 .debug_info    0x00005ff3     0x2baf ./Drivers/STM32H7xx_HAL_Driver/Src/stm32h7xx_hal_fdcan.o
 .debug_info    0x00008ba2      0xc6b ./Drivers/STM32H7xx_HAL_Driver/Src/stm32h7xx_hal_gpio.o
 .debug_info    0x0000980d     0x1561 ./Drivers/STM32H7xx_HAL_Driver/Src/stm32h7xx_hal_pcd.o
 .debug_info    0x0000ad6e      0x8b3 ./Drivers/STM32H7xx_HAL_Driver/Src/stm32h7xx_hal_pcd_ex.o
 .debug_info    0x0000b621      0xdce ./Drivers/STM32H7xx_HAL_Driver/Src/stm32h7xx_hal_pwr_ex.o
 .debug_info    0x0000c3ef      0xd82 ./Drivers/STM32H7xx_HAL_Driver/Src/stm32h7xx_hal_rcc.o
 .debug_info    0x0000d171     0x120b ./Drivers/STM32H7xx_HAL_Driver/Src/stm32h7xx_hal_rcc_ex.o
 .debug_info    0x0000e37c     0x1a1e ./Drivers/STM32H7xx_HAL_Driver/Src/stm32h7xx_ll_usb.o
 .debug_info    0x0000fd9a     0x133d ./Middlewares/ST/STM32_USB_Device_Library/Class/CDC/Src/usbd_cdc.o
 .debug_info    0x000110d7      0xe20 ./Middlewares/ST/STM32_USB_Device_Library/Core/Src/usbd_core.o
 .debug_info    0x00011ef7      0xaf9 ./Middlewares/ST/STM32_USB_Device_Library/Core/Src/usbd_ctlreq.o
 .debug_info    0x000129f0      0x770 ./Middlewares/ST/STM32_USB_Device_Library/Core/Src/usbd_ioreq.o
 .debug_info    0x00013160      0x725 ./USB_DEVICE/App/usb_device.o
 .debug_info    0x00013885      0x915 ./USB_DEVICE/App/usbd_cdc_if.o
 .debug_info    0x0001419a      0x4c5 ./USB_DEVICE/App/usbd_desc.o
 .debug_info    0x0001465f     0x23f3 ./USB_DEVICE/Target/usbd_conf.o

.debug_abbrev   0x00000000     0x3492
 .debug_abbrev  0x00000000      0x2d9 ./Core/Src/main.o
 .debug_abbrev  0x000002d9      0x1e5 ./Core/Src/stm32h7xx_hal_msp.o
 .debug_abbrev  0x000004be      0x1a4 ./Core/Src/stm32h7xx_it.o
 .debug_abbrev  0x00000662      0x153 ./Core/Src/system_stm32h7xx.o
 .debug_abbrev  0x000007b5       0x24 ./Core/Startup/startup_stm32h723zgtx.o
 .debug_abbrev  0x000007d9      0x29e ./Drivers/STM32H7xx_HAL_Driver/Src/stm32h7xx_hal.o
 .debug_abbrev  0x00000a77      0x339 ./Drivers/STM32H7xx_HAL_Driver/Src/stm32h7xx_hal_cortex.o
 .debug_abbrev  0x00000db0      0x288 ./Drivers/STM32H7xx_HAL_Driver/Src/stm32h7xx_hal_fdcan.o
 .debug_abbrev  0x00001038      0x205 ./Drivers/STM32H7xx_HAL_Driver/Src/stm32h7xx_hal_gpio.o
 .debug_abbrev  0x0000123d      0x2dc ./Drivers/STM32H7xx_HAL_Driver/Src/stm32h7xx_hal_pcd.o
 .debug_abbrev  0x00001519      0x256 ./Drivers/STM32H7xx_HAL_Driver/Src/stm32h7xx_hal_pcd_ex.o
 .debug_abbrev  0x0000176f      0x295 ./Drivers/STM32H7xx_HAL_Driver/Src/stm32h7xx_hal_pwr_ex.o
 .debug_abbrev  0x00001a04      0x2b1 ./Drivers/STM32H7xx_HAL_Driver/Src/stm32h7xx_hal_rcc.o
 .debug_abbrev  0x00001cb5      0x269 ./Drivers/STM32H7xx_HAL_Driver/Src/stm32h7xx_hal_rcc_ex.o
 .debug_abbrev  0x00001f1e      0x2b3 ./Drivers/STM32H7xx_HAL_Driver/Src/stm32h7xx_ll_usb.o
 .debug_abbrev  0x000021d1      0x2d2 ./Middlewares/ST/STM32_USB_Device_Library/Class/CDC/Src/usbd_cdc.o
 .debug_abbrev  0x000024a3      0x27c ./Middlewares/ST/STM32_USB_Device_Library/Core/Src/usbd_core.o
 .debug_abbrev  0x0000271f      0x26f ./Middlewares/ST/STM32_USB_Device_Library/Core/Src/usbd_ctlreq.o
 .debug_abbrev  0x0000298e      0x19a ./Middlewares/ST/STM32_USB_Device_Library/Core/Src/usbd_ioreq.o
 .debug_abbrev  0x00002b28      0x1a8 ./USB_DEVICE/App/usb_device.o
 .debug_abbrev  0x00002cd0      0x29d ./USB_DEVICE/App/usbd_cdc_if.o
 .debug_abbrev  0x00002f6d      0x1f5 ./USB_DEVICE/App/usbd_desc.o
 .debug_abbrev  0x00003162      0x330 ./USB_DEVICE/Target/usbd_conf.o

.debug_aranges  0x00000000     0x1200
 .debug_aranges
                0x00000000       0x58 ./Core/Src/main.o
 .debug_aranges
                0x00000058       0x30 ./Core/Src/stm32h7xx_hal_msp.o
 .debug_aranges
                0x00000088       0x68 ./Core/Src/stm32h7xx_it.o
 .debug_aranges
                0x000000f0       0x30 ./Core/Src/system_stm32h7xx.o
 .debug_aranges
                0x00000120       0x28 ./Core/Startup/startup_stm32h723zgtx.o
 .debug_aranges
                0x00000148      0x1c8 ./Drivers/STM32H7xx_HAL_Driver/Src/stm32h7xx_hal.o
 .debug_aranges
                0x00000310      0x130 ./Drivers/STM32H7xx_HAL_Driver/Src/stm32h7xx_hal_cortex.o
 .debug_aranges
                0x00000440      0x338 ./Drivers/STM32H7xx_HAL_Driver/Src/stm32h7xx_hal_fdcan.o
 .debug_aranges
                0x00000778       0x58 ./Drivers/STM32H7xx_HAL_Driver/Src/stm32h7xx_hal_gpio.o
 .debug_aranges
                0x000007d0      0x140 ./Drivers/STM32H7xx_HAL_Driver/Src/stm32h7xx_hal_pcd.o
 .debug_aranges
                0x00000910       0x60 ./Drivers/STM32H7xx_HAL_Driver/Src/stm32h7xx_hal_pcd_ex.o
 .debug_aranges
                0x00000970      0x148 ./Drivers/STM32H7xx_HAL_Driver/Src/stm32h7xx_hal_pwr_ex.o
 .debug_aranges
                0x00000ab8       0x88 ./Drivers/STM32H7xx_HAL_Driver/Src/stm32h7xx_hal_rcc.o
 .debug_aranges
                0x00000b40       0xf8 ./Drivers/STM32H7xx_HAL_Driver/Src/stm32h7xx_hal_rcc_ex.o
 .debug_aranges
                0x00000c38      0x1a0 ./Drivers/STM32H7xx_HAL_Driver/Src/stm32h7xx_ll_usb.o
 .debug_aranges
                0x00000dd8       0x90 ./Middlewares/ST/STM32_USB_Device_Library/Class/CDC/Src/usbd_cdc.o
 .debug_aranges
                0x00000e68       0xd8 ./Middlewares/ST/STM32_USB_Device_Library/Core/Src/usbd_core.o
 .debug_aranges
                0x00000f40       0x90 ./Middlewares/ST/STM32_USB_Device_Library/Core/Src/usbd_ctlreq.o
 .debug_aranges
                0x00000fd0       0x50 ./Middlewares/ST/STM32_USB_Device_Library/Core/Src/usbd_ioreq.o
 .debug_aranges
                0x00001020       0x20 ./USB_DEVICE/App/usb_device.o
 .debug_aranges
                0x00001040       0x48 ./USB_DEVICE/App/usbd_cdc_if.o
 .debug_aranges
                0x00001088       0x68 ./USB_DEVICE/App/usbd_desc.o
 .debug_aranges
                0x000010f0      0x110 ./USB_DEVICE/Target/usbd_conf.o

.debug_rnglists
                0x00000000      0xd8a
 .debug_rnglists
                0x00000000       0x41 ./Core/Src/main.o
 .debug_rnglists
                0x00000041       0x21 ./Core/Src/stm32h7xx_hal_msp.o
 .debug_rnglists
                0x00000062       0x49 ./Core/Src/stm32h7xx_it.o
 .debug_rnglists
                0x000000ab       0x21 ./Core/Src/system_stm32h7xx.o
 .debug_rnglists
                0x000000cc       0x19 ./Core/Startup/startup_stm32h723zgtx.o
 .debug_rnglists
                0x000000e5      0x155 ./Drivers/STM32H7xx_HAL_Driver/Src/stm32h7xx_hal.o
 .debug_rnglists
                0x0000023a       0xe0 ./Drivers/STM32H7xx_HAL_Driver/Src/stm32h7xx_hal_cortex.o
 .debug_rnglists
                0x0000031a      0x28b ./Drivers/STM32H7xx_HAL_Driver/Src/stm32h7xx_hal_fdcan.o
 .debug_rnglists
                0x000005a5       0x3f ./Drivers/STM32H7xx_HAL_Driver/Src/stm32h7xx_hal_gpio.o
 .debug_rnglists
                0x000005e4       0xf4 ./Drivers/STM32H7xx_HAL_Driver/Src/stm32h7xx_hal_pcd.o
 .debug_rnglists
                0x000006d8       0x45 ./Drivers/STM32H7xx_HAL_Driver/Src/stm32h7xx_hal_pcd_ex.o
 .debug_rnglists
                0x0000071d       0xf5 ./Drivers/STM32H7xx_HAL_Driver/Src/stm32h7xx_hal_pwr_ex.o
 .debug_rnglists
                0x00000812       0x68 ./Drivers/STM32H7xx_HAL_Driver/Src/stm32h7xx_hal_rcc.o
 .debug_rnglists
                0x0000087a       0xc0 ./Drivers/STM32H7xx_HAL_Driver/Src/stm32h7xx_hal_rcc_ex.o
 .debug_rnglists
                0x0000093a      0x147 ./Drivers/STM32H7xx_HAL_Driver/Src/stm32h7xx_ll_usb.o
 .debug_rnglists
                0x00000a81       0x6c ./Middlewares/ST/STM32_USB_Device_Library/Class/CDC/Src/usbd_cdc.o
 .debug_rnglists
                0x00000aed       0xa1 ./Middlewares/ST/STM32_USB_Device_Library/Core/Src/usbd_core.o
 .debug_rnglists
                0x00000b8e       0x6e ./Middlewares/ST/STM32_USB_Device_Library/Core/Src/usbd_ctlreq.o
 .debug_rnglists
                0x00000bfc       0x37 ./Middlewares/ST/STM32_USB_Device_Library/Core/Src/usbd_ioreq.o
 .debug_rnglists
                0x00000c33       0x13 ./USB_DEVICE/App/usb_device.o
 .debug_rnglists
                0x00000c46       0x32 ./USB_DEVICE/App/usbd_cdc_if.o
 .debug_rnglists
                0x00000c78       0x49 ./USB_DEVICE/App/usbd_desc.o
 .debug_rnglists
                0x00000cc1       0xc9 ./USB_DEVICE/Target/usbd_conf.o

.debug_macro    0x00000000    0x34e17
 .debug_macro   0x00000000      0x3c2 ./Core/Src/main.o
 .debug_macro   0x000003c2      0xaf6 ./Core/Src/main.o
 .debug_macro   0x00000eb8      0x238 ./Core/Src/main.o
 .debug_macro   0x000010f0       0x2e ./Core/Src/main.o
 .debug_macro   0x0000111e       0x3b ./Core/Src/main.o
 .debug_macro   0x00001159       0x22 ./Core/Src/main.o
 .debug_macro   0x0000117b       0x8e ./Core/Src/main.o
 .debug_macro   0x00001209       0x51 ./Core/Src/main.o
 .debug_macro   0x0000125a      0x103 ./Core/Src/main.o
 .debug_macro   0x0000135d       0x6a ./Core/Src/main.o
 .debug_macro   0x000013c7      0x1df ./Core/Src/main.o
 .debug_macro   0x000015a6       0x1c ./Core/Src/main.o
 .debug_macro   0x000015c2       0x22 ./Core/Src/main.o
 .debug_macro   0x000015e4       0xfb ./Core/Src/main.o
 .debug_macro   0x000016df     0x1305 ./Core/Src/main.o
 .debug_macro   0x000029e4      0x11f ./Core/Src/main.o
 .debug_macro   0x00002b03       0x27 ./Core/Src/main.o
 .debug_macro   0x00002b2a    0x216c1 ./Core/Src/main.o
 .debug_macro   0x000241eb       0x6d ./Core/Src/main.o
 .debug_macro   0x00024258     0x3d64 ./Core/Src/main.o
 .debug_macro   0x00027fbc      0x190 ./Core/Src/main.o
 .debug_macro   0x0002814c       0x61 ./Core/Src/main.o
 .debug_macro   0x000281ad       0x29 ./Core/Src/main.o
 .debug_macro   0x000281d6       0x43 ./Core/Src/main.o
 .debug_macro   0x00028219       0x34 ./Core/Src/main.o
 .debug_macro   0x0002824d      0x370 ./Core/Src/main.o
 .debug_macro   0x000285bd       0x16 ./Core/Src/main.o
 .debug_macro   0x000285d3       0x4a ./Core/Src/main.o
 .debug_macro   0x0002861d       0x34 ./Core/Src/main.o
 .debug_macro   0x00028651       0x10 ./Core/Src/main.o
 .debug_macro   0x00028661       0x58 ./Core/Src/main.o
 .debug_macro   0x000286b9       0x8e ./Core/Src/main.o
 .debug_macro   0x00028747       0x1c ./Core/Src/main.o
 .debug_macro   0x00028763      0x185 ./Core/Src/main.o
 .debug_macro   0x000288e8      0x19b ./Core/Src/main.o
 .debug_macro   0x00028a83       0x5d ./Core/Src/main.o
 .debug_macro   0x00028ae0     0x2462 ./Core/Src/main.o
 .debug_macro   0x0002af42     0x1079 ./Core/Src/main.o
 .debug_macro   0x0002bfbb      0x154 ./Core/Src/main.o
 .debug_macro   0x0002c10f      0x114 ./Core/Src/main.o
 .debug_macro   0x0002c223      0x3fc ./Core/Src/main.o
 .debug_macro   0x0002c61f       0xac ./Core/Src/main.o
 .debug_macro   0x0002c6cb      0x788 ./Core/Src/main.o
 .debug_macro   0x0002ce53      0x228 ./Core/Src/main.o
 .debug_macro   0x0002d07b       0x66 ./Core/Src/main.o
 .debug_macro   0x0002d0e1      0x3a6 ./Core/Src/main.o
 .debug_macro   0x0002d487      0x3f9 ./Core/Src/main.o
 .debug_macro   0x0002d880      0x275 ./Core/Src/main.o
 .debug_macro   0x0002daf5      0xe42 ./Core/Src/main.o
 .debug_macro   0x0002e937      0x3ca ./Core/Src/main.o
 .debug_macro   0x0002ed01      0x45c ./Core/Src/main.o
 .debug_macro   0x0002f15d       0x3c ./Core/Src/main.o
 .debug_macro   0x0002f199       0x4a ./Core/Src/main.o
 .debug_macro   0x0002f1e3      0x22c ./Core/Src/main.o
 .debug_macro   0x0002f40f       0x67 ./Core/Src/main.o
 .debug_macro   0x0002f476       0xa5 ./Core/Src/main.o
 .debug_macro   0x0002f51b      0x1c4 ./Core/Src/main.o
 .debug_macro   0x0002f6df      0x22a ./Core/Src/main.o
 .debug_macro   0x0002f909       0x35 ./Core/Src/main.o
 .debug_macro   0x0002f93e      0x293 ./Core/Src/main.o
 .debug_macro   0x0002fbd1       0x90 ./Core/Src/main.o
 .debug_macro   0x0002fc61      0x5f2 ./Core/Src/main.o
 .debug_macro   0x00030253       0x1c ./Core/Src/main.o
 .debug_macro   0x0003026f       0x3c ./Core/Src/main.o
 .debug_macro   0x000302ab       0x10 ./Core/Src/main.o
 .debug_macro   0x000302bb       0x1c ./Core/Src/main.o
 .debug_macro   0x000302d7       0x16 ./Core/Src/main.o
 .debug_macro   0x000302ed      0x146 ./Core/Src/main.o
 .debug_macro   0x00030433       0x16 ./Core/Src/main.o
 .debug_macro   0x00030449       0x16 ./Core/Src/main.o
 .debug_macro   0x0003045f       0x29 ./Core/Src/main.o
 .debug_macro   0x00030488       0x16 ./Core/Src/main.o
 .debug_macro   0x0003049e       0x20 ./Core/Src/main.o
 .debug_macro   0x000304be       0x65 ./Core/Src/main.o
 .debug_macro   0x00030523      0x20f ./Core/Src/main.o
 .debug_macro   0x00030732       0x95 ./Core/Src/main.o
 .debug_macro   0x000307c7       0x10 ./Core/Src/main.o
 .debug_macro   0x000307d7      0x2b8 ./Core/Src/stm32h7xx_hal_msp.o
 .debug_macro   0x00030a8f      0x2c2 ./Core/Src/stm32h7xx_it.o
 .debug_macro   0x00030d51      0x2ae ./Core/Src/system_stm32h7xx.o
 .debug_macro   0x00030fff      0x2d8 ./Drivers/STM32H7xx_HAL_Driver/Src/stm32h7xx_hal.o
 .debug_macro   0x000312d7      0x2ae ./Drivers/STM32H7xx_HAL_Driver/Src/stm32h7xx_hal_cortex.o
 .debug_macro   0x00031585      0x373 ./Drivers/STM32H7xx_HAL_Driver/Src/stm32h7xx_hal_fdcan.o
 .debug_macro   0x000318f8      0x2b5 ./Drivers/STM32H7xx_HAL_Driver/Src/stm32h7xx_hal_gpio.o
 .debug_macro   0x00031bad      0x2ba ./Drivers/STM32H7xx_HAL_Driver/Src/stm32h7xx_hal_pcd.o
 .debug_macro   0x00031e67      0x2ae ./Drivers/STM32H7xx_HAL_Driver/Src/stm32h7xx_hal_pcd_ex.o
 .debug_macro   0x00032115      0x2e7 ./Drivers/STM32H7xx_HAL_Driver/Src/stm32h7xx_hal_pwr_ex.o
 .debug_macro   0x000323fc      0x2d2 ./Drivers/STM32H7xx_HAL_Driver/Src/stm32h7xx_hal_rcc.o
 .debug_macro   0x000326ce      0x2cc ./Drivers/STM32H7xx_HAL_Driver/Src/stm32h7xx_hal_rcc_ex.o
 .debug_macro   0x0003299a      0x2ae ./Drivers/STM32H7xx_HAL_Driver/Src/stm32h7xx_ll_usb.o
 .debug_macro   0x00032c48      0x3af ./Middlewares/ST/STM32_USB_Device_Library/Class/CDC/Src/usbd_cdc.o
 .debug_macro   0x00032ff7       0x16 ./Middlewares/ST/STM32_USB_Device_Library/Class/CDC/Src/usbd_cdc.o
 .debug_macro   0x0003300d       0x9e ./Middlewares/ST/STM32_USB_Device_Library/Class/CDC/Src/usbd_cdc.o
 .debug_macro   0x000330ab      0x112 ./Middlewares/ST/STM32_USB_Device_Library/Class/CDC/Src/usbd_cdc.o
 .debug_macro   0x000331bd       0x16 ./Middlewares/ST/STM32_USB_Device_Library/Class/CDC/Src/usbd_cdc.o
 .debug_macro   0x000331d3      0x396 ./Middlewares/ST/STM32_USB_Device_Library/Core/Src/usbd_core.o
 .debug_macro   0x00033569      0x215 ./Middlewares/ST/STM32_USB_Device_Library/Core/Src/usbd_core.o
 .debug_macro   0x0003377e      0x3a0 ./Middlewares/ST/STM32_USB_Device_Library/Core/Src/usbd_ctlreq.o
 .debug_macro   0x00033b1e      0x39c ./Middlewares/ST/STM32_USB_Device_Library/Core/Src/usbd_ioreq.o
 .debug_macro   0x00033eba      0x3c9 ./USB_DEVICE/App/usb_device.o
 .debug_macro   0x00034283       0x22 ./USB_DEVICE/App/usb_device.o
 .debug_macro   0x000342a5       0x16 ./USB_DEVICE/App/usb_device.o
 .debug_macro   0x000342bb      0x3ba ./USB_DEVICE/App/usbd_cdc_if.o
 .debug_macro   0x00034675      0x3d9 ./USB_DEVICE/App/usbd_desc.o
 .debug_macro   0x00034a4e       0x1c ./USB_DEVICE/App/usbd_desc.o
 .debug_macro   0x00034a6a      0x3ad ./USB_DEVICE/Target/usbd_conf.o

.debug_line     0x00000000    0x16ae0
 .debug_line    0x00000000      0xc8a ./Core/Src/main.o
 .debug_line    0x00000c8a      0x9a4 ./Core/Src/stm32h7xx_hal_msp.o
 .debug_line    0x0000162e      0x99d ./Core/Src/stm32h7xx_it.o
 .debug_line    0x00001fcb      0xaca ./Core/Src/system_stm32h7xx.o
 .debug_line    0x00002a95       0x7b ./Core/Startup/startup_stm32h723zgtx.o
 .debug_line    0x00002b10      0xf3f ./Drivers/STM32H7xx_HAL_Driver/Src/stm32h7xx_hal.o
 .debug_line    0x00003a4f      0xe98 ./Drivers/STM32H7xx_HAL_Driver/Src/stm32h7xx_hal_cortex.o
 .debug_line    0x000048e7     0x2939 ./Drivers/STM32H7xx_HAL_Driver/Src/stm32h7xx_hal_fdcan.o
 .debug_line    0x00007220      0xd23 ./Drivers/STM32H7xx_HAL_Driver/Src/stm32h7xx_hal_gpio.o
 .debug_line    0x00007f43     0x1616 ./Drivers/STM32H7xx_HAL_Driver/Src/stm32h7xx_hal_pcd.o
 .debug_line    0x00009559      0xadc ./Drivers/STM32H7xx_HAL_Driver/Src/stm32h7xx_hal_pcd_ex.o
 .debug_line    0x0000a035      0xf7d ./Drivers/STM32H7xx_HAL_Driver/Src/stm32h7xx_hal_pwr_ex.o
 .debug_line    0x0000afb2     0x14bc ./Drivers/STM32H7xx_HAL_Driver/Src/stm32h7xx_hal_rcc.o
 .debug_line    0x0000c46e     0x1d70 ./Drivers/STM32H7xx_HAL_Driver/Src/stm32h7xx_hal_rcc_ex.o
 .debug_line    0x0000e1de     0x1eca ./Drivers/STM32H7xx_HAL_Driver/Src/stm32h7xx_ll_usb.o
 .debug_line    0x000100a8      0xf06 ./Middlewares/ST/STM32_USB_Device_Library/Class/CDC/Src/usbd_cdc.o
 .debug_line    0x00010fae      0xfa9 ./Middlewares/ST/STM32_USB_Device_Library/Core/Src/usbd_core.o
 .debug_line    0x00011f57     0x11a3 ./Middlewares/ST/STM32_USB_Device_Library/Core/Src/usbd_ctlreq.o
 .debug_line    0x000130fa      0xabf ./Middlewares/ST/STM32_USB_Device_Library/Core/Src/usbd_ioreq.o
 .debug_line    0x00013bb9      0xa8e ./USB_DEVICE/App/usb_device.o
 .debug_line    0x00014647      0xade ./USB_DEVICE/App/usbd_cdc_if.o
 .debug_line    0x00015125      0xb4f ./USB_DEVICE/App/usbd_desc.o
 .debug_line    0x00015c74      0xe6c ./USB_DEVICE/Target/usbd_conf.o

.debug_str      0x00000000   0x14769f
 .debug_str     0x00000000   0x14769f ./Core/Src/main.o
                             0x1413b0 (size before relaxing)
 .debug_str     0x0014769f   0x13fd7f ./Core/Src/stm32h7xx_hal_msp.o
 .debug_str     0x0014769f   0x13f723 ./Core/Src/stm32h7xx_it.o
 .debug_str     0x0014769f   0x13f726 ./Core/Src/system_stm32h7xx.o
 .debug_str     0x0014769f       0x8c ./Core/Startup/startup_stm32h723zgtx.o
 .debug_str     0x0014769f   0x140771 ./Drivers/STM32H7xx_HAL_Driver/Src/stm32h7xx_hal.o
 .debug_str     0x0014769f   0x14008b ./Drivers/STM32H7xx_HAL_Driver/Src/stm32h7xx_hal_cortex.o
 .debug_str     0x0014769f   0x141467 ./Drivers/STM32H7xx_HAL_Driver/Src/stm32h7xx_hal_fdcan.o
 .debug_str     0x0014769f   0x13f732 ./Drivers/STM32H7xx_HAL_Driver/Src/stm32h7xx_hal_gpio.o
 .debug_str     0x0014769f   0x13fee4 ./Drivers/STM32H7xx_HAL_Driver/Src/stm32h7xx_hal_pcd.o
 .debug_str     0x0014769f   0x13f882 ./Drivers/STM32H7xx_HAL_Driver/Src/stm32h7xx_hal_pcd_ex.o
 .debug_str     0x0014769f   0x13fb3a ./Drivers/STM32H7xx_HAL_Driver/Src/stm32h7xx_hal_pwr_ex.o
 .debug_str     0x0014769f   0x13fab5 ./Drivers/STM32H7xx_HAL_Driver/Src/stm32h7xx_hal_rcc.o
 .debug_str     0x0014769f   0x13ffcd ./Drivers/STM32H7xx_HAL_Driver/Src/stm32h7xx_hal_rcc_ex.o
 .debug_str     0x0014769f   0x13fdde ./Drivers/STM32H7xx_HAL_Driver/Src/stm32h7xx_ll_usb.o
 .debug_str     0x0014769f   0x14132c ./Middlewares/ST/STM32_USB_Device_Library/Class/CDC/Src/usbd_cdc.o
 .debug_str     0x0014769f   0x140c3a ./Middlewares/ST/STM32_USB_Device_Library/Core/Src/usbd_core.o
 .debug_str     0x0014769f   0x140a65 ./Middlewares/ST/STM32_USB_Device_Library/Core/Src/usbd_ctlreq.o
 .debug_str     0x0014769f   0x14093a ./Middlewares/ST/STM32_USB_Device_Library/Core/Src/usbd_ioreq.o
 .debug_str     0x0014769f   0x140d10 ./USB_DEVICE/App/usb_device.o
 .debug_str     0x0014769f   0x140d2d ./USB_DEVICE/App/usbd_cdc_if.o
 .debug_str     0x0014769f   0x140856 ./USB_DEVICE/App/usbd_desc.o
 .debug_str     0x0014769f   0x14233d ./USB_DEVICE/Target/usbd_conf.o

.comment        0x00000000       0x43
 .comment       0x00000000       0x43 ./Core/Src/main.o
                                 0x44 (size before relaxing)
 .comment       0x00000043       0x44 ./Core/Src/stm32h7xx_hal_msp.o
 .comment       0x00000043       0x44 ./Core/Src/stm32h7xx_it.o
 .comment       0x00000043       0x44 ./Core/Src/system_stm32h7xx.o
 .comment       0x00000043       0x44 ./Drivers/STM32H7xx_HAL_Driver/Src/stm32h7xx_hal.o
 .comment       0x00000043       0x44 ./Drivers/STM32H7xx_HAL_Driver/Src/stm32h7xx_hal_cortex.o
 .comment       0x00000043       0x44 ./Drivers/STM32H7xx_HAL_Driver/Src/stm32h7xx_hal_fdcan.o
 .comment       0x00000043       0x44 ./Drivers/STM32H7xx_HAL_Driver/Src/stm32h7xx_hal_gpio.o
 .comment       0x00000043       0x44 ./Drivers/STM32H7xx_HAL_Driver/Src/stm32h7xx_hal_pcd.o
 .comment       0x00000043       0x44 ./Drivers/STM32H7xx_HAL_Driver/Src/stm32h7xx_hal_pcd_ex.o
 .comment       0x00000043       0x44 ./Drivers/STM32H7xx_HAL_Driver/Src/stm32h7xx_hal_pwr_ex.o
 .comment       0x00000043       0x44 ./Drivers/STM32H7xx_HAL_Driver/Src/stm32h7xx_hal_rcc.o
 .comment       0x00000043       0x44 ./Drivers/STM32H7xx_HAL_Driver/Src/stm32h7xx_hal_rcc_ex.o
 .comment       0x00000043       0x44 ./Drivers/STM32H7xx_HAL_Driver/Src/stm32h7xx_ll_usb.o
 .comment       0x00000043       0x44 ./Middlewares/ST/STM32_USB_Device_Library/Class/CDC/Src/usbd_cdc.o
 .comment       0x00000043       0x44 ./Middlewares/ST/STM32_USB_Device_Library/Core/Src/usbd_core.o
 .comment       0x00000043       0x44 ./Middlewares/ST/STM32_USB_Device_Library/Core/Src/usbd_ctlreq.o
 .comment       0x00000043       0x44 ./Middlewares/ST/STM32_USB_Device_Library/Core/Src/usbd_ioreq.o
 .comment       0x00000043       0x44 ./USB_DEVICE/App/usb_device.o
 .comment       0x00000043       0x44 ./USB_DEVICE/App/usbd_cdc_if.o
 .comment       0x00000043       0x44 ./USB_DEVICE/App/usbd_desc.o
 .comment       0x00000043       0x44 ./USB_DEVICE/Target/usbd_conf.o

.debug_frame    0x00000000     0x4b30
 .debug_frame   0x00000000      0x114 ./Core/Src/main.o
 .debug_frame   0x00000114       0x84 ./Core/Src/stm32h7xx_hal_msp.o
 .debug_frame   0x00000198      0x120 ./Core/Src/stm32h7xx_it.o
 .debug_frame   0x000002b8       0x78 ./Core/Src/system_stm32h7xx.o
 .debug_frame   0x00000330      0x760 ./Drivers/STM32H7xx_HAL_Driver/Src/stm32h7xx_hal.o
 .debug_frame   0x00000a90      0x508 ./Drivers/STM32H7xx_HAL_Driver/Src/stm32h7xx_hal_cortex.o
 .debug_frame   0x00000f98      0xf9c ./Drivers/STM32H7xx_HAL_Driver/Src/stm32h7xx_hal_fdcan.o
 .debug_frame   0x00001f34      0x14c ./Drivers/STM32H7xx_HAL_Driver/Src/stm32h7xx_hal_gpio.o
 .debug_frame   0x00002080      0x590 ./Drivers/STM32H7xx_HAL_Driver/Src/stm32h7xx_hal_pcd.o
 .debug_frame   0x00002610      0x174 ./Drivers/STM32H7xx_HAL_Driver/Src/stm32h7xx_hal_pcd_ex.o
 .debug_frame   0x00002784      0x540 ./Drivers/STM32H7xx_HAL_Driver/Src/stm32h7xx_hal_pwr_ex.o
 .debug_frame   0x00002cc4      0x1fc ./Drivers/STM32H7xx_HAL_Driver/Src/stm32h7xx_hal_rcc.o
 .debug_frame   0x00002ec0      0x414 ./Drivers/STM32H7xx_HAL_Driver/Src/stm32h7xx_hal_rcc_ex.o
 .debug_frame   0x000032d4      0x7c0 ./Drivers/STM32H7xx_HAL_Driver/Src/stm32h7xx_ll_usb.o
 .debug_frame   0x00003a94      0x23c ./Middlewares/ST/STM32_USB_Device_Library/Class/CDC/Src/usbd_cdc.o
 .debug_frame   0x00003cd0      0x390 ./Middlewares/ST/STM32_USB_Device_Library/Core/Src/usbd_core.o
 .debug_frame   0x00004060      0x23c ./Middlewares/ST/STM32_USB_Device_Library/Core/Src/usbd_ctlreq.o
 .debug_frame   0x0000429c      0x10c ./Middlewares/ST/STM32_USB_Device_Library/Core/Src/usbd_ioreq.o
 .debug_frame   0x000043a8       0x2c ./USB_DEVICE/App/usb_device.o
 .debug_frame   0x000043d4       0xe4 ./USB_DEVICE/App/usbd_cdc_if.o
 .debug_frame   0x000044b8      0x188 ./USB_DEVICE/App/usbd_desc.o
 .debug_frame   0x00004640      0x47c ./USB_DEVICE/Target/usbd_conf.o
 .debug_frame   0x00004abc       0x20 C:/ST/STM32CubeIDE_1.18.1/STM32CubeIDE/plugins/com.st.stm32cube.ide.mcu.externaltools.gnu-tools-for-stm32.13.3.rel1.win32_1.0.0.202411081344/tools/bin/../lib/gcc/arm-none-eabi/13.3.1/../../../../arm-none-eabi/lib/thumb/v7e-m+dp/hard\libc_nano.a(libc_a-memset.o)
 .debug_frame   0x00004adc       0x2c C:/ST/STM32CubeIDE_1.18.1/STM32CubeIDE/plugins/com.st.stm32cube.ide.mcu.externaltools.gnu-tools-for-stm32.13.3.rel1.win32_1.0.0.202411081344/tools/bin/../lib/gcc/arm-none-eabi/13.3.1/../../../../arm-none-eabi/lib/thumb/v7e-m+dp/hard\libc_nano.a(libc_a-init.o)
 .debug_frame   0x00004b08       0x28 C:/ST/STM32CubeIDE_1.18.1/STM32CubeIDE/plugins/com.st.stm32cube.ide.mcu.externaltools.gnu-tools-for-stm32.13.3.rel1.win32_1.0.0.202411081344/tools/bin/../lib/gcc/arm-none-eabi/13.3.1/../../../../arm-none-eabi/lib/thumb/v7e-m+dp/hard\libc_nano.a(libc_a-memcpy-stub.o)

.debug_line_str
                0x00000000       0x70
 .debug_line_str
                0x00000000       0x70 ./Core/Startup/startup_stm32h723zgtx.o
